<html>
<body>
<pre>
<h1>礦ision Build Log</h1>
<h2>Tool Versions:</h2>
IDE-Version: μVision V5.24.2.0
Copyright (C) 2017 ARM Ltd and ARM Germany GmbH. All rights reserved.
License Information: z t, SWJTU, LIC=VGXG8-3MIKE-56PQ2-90NP4-USX4E-JTYHI
 
Tool Versions:
Toolchain:       MDK-ARM Plus  Version: 5.24.1
Toolchain Path:  D:\Keil_v5\ARM\ARMCC\Bin
C Compiler:      Armcc.exe V5.06 update 5 (build 528)
Assembler:       Armasm.exe V5.06 update 5 (build 528)
Linker/Locator:  ArmLink.exe V5.06 update 5 (build 528)
Library Manager: ArmAr.exe V5.06 update 5 (build 528)
Hex Converter:   FromElf.exe V5.06 update 5 (build 528)
CPU DLL:         SARMCM3.DLL V5.24.1
Dialog DLL:      DCM.DLL V1.16.0.0
Target DLL:      CMSIS_AGDI.dll V1.28.3.0
Dialog DLL:      TCM.DLL V1.32.0.0
 
<h2>Project:</h2>
e:\Desktop\管沟小车源码\STM32F405RGT6-FreeRTOS-4WD-新MC6C - PX4-Lib\MDK-ARM\STM32F405RGT6-FreeRTOS.uvprojx
Project File Date:  02/26/2025

<h2>Output:</h2>
*** Using Compiler 'V5.06 update 5 (build 528)', folder: 'D:\Keil_v5\ARM\ARMCC\Bin'
Build target 'STM32F405RGT6-FreeRTOS'
compiling ShareWare.c...
compiling main.c...
compiling BatteryInfor.c...
compiling freertos.c...
../Src/freertos.c(310): warning:  #1035-D: single-precision operand implicitly converted to double-precision
  				if(fabs(VelControl.M1_SetRPM - VelControl.M1_RPM) > fabs(VelControl.M1_SetRPM / 2.0)) M1_StallTime++;
../Src/freertos.c(316): warning:  #1035-D: single-precision operand implicitly converted to double-precision
  				if(fabs(VelControl.M2_SetRPM - VelControl.M2_RPM) > fabs(VelControl.M2_SetRPM / 2.0)) M2_StallTime++;
../Src/freertos.c(322): warning:  #1035-D: single-precision operand implicitly converted to double-precision
  				if(fabs(VelControl.M3_SetRPM - VelControl.M3_RPM) > fabs(VelControl.M3_SetRPM / 2.0)) M3_StallTime++;
../Src/freertos.c(328): warning:  #1035-D: single-precision operand implicitly converted to double-precision
  				if(fabs(VelControl.M4_SetRPM - VelControl.M4_RPM) > fabs(VelControl.M4_SetRPM / 2.0)) M4_StallTime++;
../Src/freertos.c: 4 warnings, 0 errors
compiling Encoder.c...
compiling uart.c...
compiling stm32f4xx_it.c...
compiling adc1.c...
compiling DataCom.c...
compiling can1.c...
compiling spi.c...
compiling tim1.c...
..\Src\tim1.c(102): warning:  #177-D: variable "sConfigIC"  was declared but never referenced
  	TIM_IC_InitTypeDef sConfigIC = {0};
..\Src\tim1.c: 1 warning, 0 errors
compiling stm32f4xx_hal_msp.c...
compiling DataProtocol.c...
compiling Kinematics_4WD.c...
compiling VelocityControl.c...
linking...
Program Size: Code=34824 RO-data=692 RW-data=296 ZI-data=20936  
FromELF: creating hex file...
After Build - User command #2: D:\Keil_v5\ARM\ARMCC\bin\fromelf.exe --bin --output=STM32F405RGT6-FreeRTOS.bin STM32F405RGT6-FreeRTOS\STM32F405RGT6-FreeRTOS.axf
"STM32F405RGT6-FreeRTOS\STM32F405RGT6-FreeRTOS.axf" - 0 Error(s), 5 Warning(s).

<h2>Software Packages used:</h2>

Package Vendor: ARM
                http://www.keil.com/pack/ARM.CMSIS.5.0.1.pack
                ARM.CMSIS.5.0.1
                CMSIS (Cortex Microcontroller Software Interface Standard)
   * Component: CORE Version: 5.0.1

Package Vendor: Keil
                https://www.keil.com/pack/Keil.STM32F4xx_DFP.2.17.1.pack
                Keil.STM32F4xx_DFP.2.17.1
                STMicroelectronics STM32F4 Series Device Support, Drivers and Examples

<h2>Collection of Component include folders:</h2>
  .\RTE\_STM32F405RGT6-FreeRTOS
  D:\Keil_v5\ARM\PACK\ARM\CMSIS\5.0.1\CMSIS\Include
  D:\Keil_v5\ARM\PACK\Keil\STM32F4xx_DFP\2.17.1\Drivers\CMSIS\Device\ST\STM32F4xx\Include

<h2>Collection of Component Files used:</h2>

   * Component: ARM::CMSIS:CORE:5.0.1
Build Time Elapsed:  00:00:05
</pre>
</body>
</html>
