Component: ARM Compiler 5.06 update 5 (build 528) Tool: armlink [4d35e2]

==============================================================================

Section Cross References

    startup_stm32f405xx.o(RESET) refers to startup_stm32f405xx.o(STACK) for __initial_sp
    startup_stm32f405xx.o(RESET) refers to startup_stm32f405xx.o(.text) for Reset_Handler
    startup_stm32f405xx.o(RESET) refers to stm32f4xx_it.o(i.NMI_Handler) for NMI_Handler
    startup_stm32f405xx.o(RESET) refers to stm32f4xx_it.o(i.HardFault_Handler) for HardFault_Handler
    startup_stm32f405xx.o(RESET) refers to stm32f4xx_it.o(i.MemManage_Handler) for MemManage_Handler
    startup_stm32f405xx.o(RESET) refers to stm32f4xx_it.o(i.BusFault_Handler) for BusFault_Handler
    startup_stm32f405xx.o(RESET) refers to stm32f4xx_it.o(i.UsageFault_Handler) for UsageFault_Handler
    startup_stm32f405xx.o(RESET) refers to port.o(.emb_text) for SVC_Handler
    startup_stm32f405xx.o(RESET) refers to stm32f4xx_it.o(i.DebugMon_Handler) for DebugMon_Handler
    startup_stm32f405xx.o(RESET) refers to port.o(i.SysTick_Handler) for SysTick_Handler
    startup_stm32f405xx.o(RESET) refers to stm32f4xx_it.o(i.DMA1_Stream1_IRQHandler) for DMA1_Stream1_IRQHandler
    startup_stm32f405xx.o(RESET) refers to stm32f4xx_it.o(i.DMA1_Stream2_IRQHandler) for DMA1_Stream2_IRQHandler
    startup_stm32f405xx.o(RESET) refers to stm32f4xx_it.o(i.DMA1_Stream3_IRQHandler) for DMA1_Stream3_IRQHandler
    startup_stm32f405xx.o(RESET) refers to stm32f4xx_it.o(i.DMA1_Stream4_IRQHandler) for DMA1_Stream4_IRQHandler
    startup_stm32f405xx.o(RESET) refers to stm32f4xx_it.o(i.DMA1_Stream5_IRQHandler) for DMA1_Stream5_IRQHandler
    startup_stm32f405xx.o(RESET) refers to stm32f4xx_it.o(i.DMA1_Stream6_IRQHandler) for DMA1_Stream6_IRQHandler
    startup_stm32f405xx.o(RESET) refers to stm32f4xx_it.o(i.CAN1_TX_IRQHandler) for CAN1_TX_IRQHandler
    startup_stm32f405xx.o(RESET) refers to stm32f4xx_it.o(i.CAN1_RX0_IRQHandler) for CAN1_RX0_IRQHandler
    startup_stm32f405xx.o(RESET) refers to stm32f4xx_it.o(i.TIM1_UP_TIM10_IRQHandler) for TIM1_UP_TIM10_IRQHandler
    startup_stm32f405xx.o(RESET) refers to stm32f4xx_it.o(i.TIM1_CC_IRQHandler) for TIM1_CC_IRQHandler
    startup_stm32f405xx.o(RESET) refers to stm32f4xx_it.o(i.TIM2_IRQHandler) for TIM2_IRQHandler
    startup_stm32f405xx.o(RESET) refers to stm32f4xx_it.o(i.TIM3_IRQHandler) for TIM3_IRQHandler
    startup_stm32f405xx.o(RESET) refers to stm32f4xx_it.o(i.TIM4_IRQHandler) for TIM4_IRQHandler
    startup_stm32f405xx.o(RESET) refers to stm32f4xx_it.o(i.SPI1_IRQHandler) for SPI1_IRQHandler
    startup_stm32f405xx.o(RESET) refers to stm32f4xx_it.o(i.USART2_IRQHandler) for USART2_IRQHandler
    startup_stm32f405xx.o(RESET) refers to stm32f4xx_it.o(i.USART3_IRQHandler) for USART3_IRQHandler
    startup_stm32f405xx.o(RESET) refers to stm32f4xx_it.o(i.TIM5_IRQHandler) for TIM5_IRQHandler
    startup_stm32f405xx.o(RESET) refers to stm32f4xx_it.o(i.UART4_IRQHandler) for UART4_IRQHandler
    startup_stm32f405xx.o(RESET) refers to stm32f4xx_it.o(i.TIM7_IRQHandler) for TIM7_IRQHandler
    startup_stm32f405xx.o(RESET) refers to stm32f4xx_it.o(i.DMA2_Stream0_IRQHandler) for DMA2_Stream0_IRQHandler
    startup_stm32f405xx.o(RESET) refers to stm32f4xx_it.o(i.DMA2_Stream3_IRQHandler) for DMA2_Stream3_IRQHandler
    startup_stm32f405xx.o(.text) refers to system_stm32f4xx.o(i.SystemInit) for SystemInit
    startup_stm32f405xx.o(.text) refers to entry.o(.ARM.Collect$$$$00000000) for __main
    main.o(i.SystemClock_Config) refers to memseta.o(.text) for __aeabi_memclr4
    main.o(i.SystemClock_Config) refers to stm32f4xx_hal_rcc.o(i.HAL_RCC_OscConfig) for HAL_RCC_OscConfig
    main.o(i.SystemClock_Config) refers to stm32f4xx_hal_rcc.o(i.HAL_RCC_ClockConfig) for HAL_RCC_ClockConfig
    main.o(i.main) refers to stm32f4xx_hal.o(i.HAL_Init) for HAL_Init
    main.o(i.main) refers to main.o(i.SystemClock_Config) for SystemClock_Config
    main.o(i.main) refers to tim1.o(i.MX_TIM1_Init) for MX_TIM1_Init
    main.o(i.main) refers to uart.o(i.MX_USART3_Init) for MX_USART3_Init
    main.o(i.main) refers to rs485.o(i.RS485_RD_GPIO_Init) for RS485_RD_GPIO_Init
    main.o(i.main) refers to can1.o(i.MX_CAN1_Init) for MX_CAN1_Init
    main.o(i.main) refers to can1.o(i.CAN1_SetTxMsg) for CAN1_SetTxMsg
    main.o(i.main) refers to stm32f4xx_hal.o(i.HAL_Delay) for HAL_Delay
    main.o(i.main) refers to freertos.o(i.MX_FREERTOS_Init) for MX_FREERTOS_Init
    main.o(i.main) refers to cmsis_os.o(i.osKernelStart) for osKernelStart
    main.o(i.main) refers to shareware.o(.bss) for RS485
    freertos.o(i.BMSTask) refers to port.o(i.vPortEnterCritical) for vPortEnterCritical
    freertos.o(i.BMSTask) refers to adc1.o(i.MX_ADC1_Init) for MX_ADC1_Init
    freertos.o(i.BMSTask) refers to batteryinfor.o(i.Battery_Init) for Battery_Init
    freertos.o(i.BMSTask) refers to port.o(i.vPortExitCritical) for vPortExitCritical
[...]
    I2C3_ER_IRQHandler                       0x08000277   Thumb Code     0  startup_stm32f405xx.o(.text)
    I2C3_EV_IRQHandler                       0x08000277   Thumb Code     0  startup_stm32f405xx.o(.text)
    OTG_FS_IRQHandler                        0x08000277   Thumb Code     0  startup_stm32f405xx.o(.text)
    OTG_FS_WKUP_IRQHandler                   0x08000277   Thumb Code     0  startup_stm32f405xx.o(.text)
    OTG_HS_EP1_IN_IRQHandler                 0x08000277   Thumb Code     0  startup_stm32f405xx.o(.text)
    OTG_HS_EP1_OUT_IRQHandler                0x08000277   Thumb Code     0  startup_stm32f405xx.o(.text)
    OTG_HS_IRQHandler                        0x08000277   Thumb Code     0  startup_stm32f405xx.o(.text)
    OTG_HS_WKUP_IRQHandler                   0x08000277   Thumb Code     0  startup_stm32f405xx.o(.text)
    PVD_IRQHandler                           0x08000277   Thumb Code     0  startup_stm32f405xx.o(.text)
    RCC_IRQHandler                           0x08000277   Thumb Code     0  startup_stm32f405xx.o(.text)
    RTC_Alarm_IRQHandler                     0x08000277   Thumb Code     0  startup_stm32f405xx.o(.text)
    RTC_WKUP_IRQHandler                      0x08000277   Thumb Code     0  startup_stm32f405xx.o(.text)
    SDIO_IRQHandler                          0x08000277   Thumb Code     0  startup_stm32f405xx.o(.text)
    SPI2_IRQHandler                          0x08000277   Thumb Code     0  startup_stm32f405xx.o(.text)
    SPI3_IRQHandler                          0x08000277   Thumb Code     0  startup_stm32f405xx.o(.text)
    TAMP_STAMP_IRQHandler                    0x08000277   Thumb Code     0  startup_stm32f405xx.o(.text)
    TIM1_BRK_TIM9_IRQHandler                 0x08000277   Thumb Code     0  startup_stm32f405xx.o(.text)
    TIM1_TRG_COM_TIM11_IRQHandler            0x08000277   Thumb Code     0  startup_stm32f405xx.o(.text)
    TIM6_DAC_IRQHandler                      0x08000277   Thumb Code     0  startup_stm32f405xx.o(.text)
    TIM8_BRK_TIM12_IRQHandler                0x08000277   Thumb Code     0  startup_stm32f405xx.o(.text)
    TIM8_CC_IRQHandler                       0x08000277   Thumb Code     0  startup_stm32f405xx.o(.text)
    TIM8_TRG_COM_TIM14_IRQHandler            0x08000277   Thumb Code     0  startup_stm32f405xx.o(.text)
    TIM8_UP_TIM13_IRQHandler                 0x08000277   Thumb Code     0  startup_stm32f405xx.o(.text)
    UART5_IRQHandler                         0x08000277   Thumb Code     0  startup_stm32f405xx.o(.text)
    USART1_IRQHandler                        0x08000277   Thumb Code     0  startup_stm32f405xx.o(.text)
    USART6_IRQHandler                        0x08000277   Thumb Code     0  startup_stm32f405xx.o(.text)
    WWDG_IRQHandler                          0x08000277   Thumb Code     0  startup_stm32f405xx.o(.text)
    __aeabi_uldivmod                         0x08000281   Thumb Code    98  uldiv.o(.text)
    __aeabi_memcpy                           0x080002e3   Thumb Code    36  memcpya.o(.text)
    __aeabi_memcpy4                          0x080002e3   Thumb Code     0  memcpya.o(.text)
    __aeabi_memcpy8                          0x080002e3   Thumb Code     0  memcpya.o(.text)
    __aeabi_memset                           0x08000307   Thumb Code    14  memseta.o(.text)
    __aeabi_memset4                          0x08000307   Thumb Code     0  memseta.o(.text)
    __aeabi_memset8                          0x08000307   Thumb Code     0  memseta.o(.text)
    __aeabi_memclr                           0x08000315   Thumb Code     4  memseta.o(.text)
    __aeabi_memclr4                          0x08000315   Thumb Code     0  memseta.o(.text)
    __aeabi_memclr8                          0x08000315   Thumb Code     0  memseta.o(.text)
    memset                                   0x08000319   Thumb Code    18  memseta.o(.text)
    __aeabi_dmul                             0x0800032b   Thumb Code   228  dmul.o(.text)
    __aeabi_f2d                              0x0800040f   Thumb Code    38  f2d.o(.text)
    __aeabi_cdrcmple                         0x08000435   Thumb Code    48  cdrcmple.o(.text)
    __aeabi_llsl                             0x08000465   Thumb Code    30  llshl.o(.text)
    _ll_shift_l                              0x08000465   Thumb Code     0  llshl.o(.text)
    __aeabi_llsr                             0x08000483   Thumb Code    32  llushr.o(.text)
    _ll_ushift_r                             0x08000483   Thumb Code     0  llushr.o(.text)
    __I$use$fp                               0x080004a3   Thumb Code     0  iusefp.o(.text)
    _double_round                            0x080004a3   Thumb Code    30  depilogue.o(.text)
    _double_epilogue                         0x080004c1   Thumb Code   156  depilogue.o(.text)
    __scatterload                            0x0800055d   Thumb Code    28  init.o(.text)
    __scatterload_rt2                        0x0800055d   Thumb Code     0  init.o(.text)
    BMSTask                                  0x08000739   Thumb Code    42  freertos.o(i.BMSTask)
    Battery_Init                             0x08000771   Thumb Code    26  batteryinfor.o(i.Battery_Init)
    BusFault_Handler                         0x08000791   Thumb Code     2  stm32f4xx_it.o(i.BusFault_Handler)
    CAN1_RX0_IRQHandler                      0x08000795   Thumb Code     6  stm32f4xx_it.o(i.CAN1_RX0_IRQHandler)
    CAN1_SetTxMsg                            0x080007a1   Thumb Code    20  can1.o(i.CAN1_SetTxMsg)
    CAN1_TX_IRQHandler                       0x080007b9   Thumb Code     6  stm32f4xx_it.o(i.CAN1_TX_IRQHandler)
    CapturePulseCallback                     0x080007c5   Thumb Code   300  tim1.o(i.CapturePulseCallback)
    DMA1_Stream1_IRQHandler                  0x080008f1   Thumb Code     6  stm32f4xx_it.o(i.DMA1_Stream1_IRQHandler)
    DMA1_Stream2_IRQHandler                  0x080008fd   Thumb Code     6  stm32f4xx_it.o(i.DMA1_Stream2_IRQHandler)
    DMA1_Stream3_IRQHandler                  0x08000909   Thumb Code     6  stm32f4xx_it.o(i.DMA1_Stream3_IRQHandler)
    DMA1_Stream4_IRQHandler                  0x08000915   Thumb Code     6  stm32f4xx_it.o(i.DMA1_Stream4_IRQHandler)
    DMA1_Stream5_IRQHandler                  0x08000921   Thumb Code     6  stm32f4xx_it.o(i.DMA1_Stream5_IRQHandler)
    DMA1_Stream6_IRQHandler                  0x0800092d   Thumb Code     6  stm32f4xx_it.o(i.DMA1_Stream6_IRQHandler)
    DMA2_Stream0_IRQHandler                  0x08000939   Thumb Code     6  stm32f4xx_it.o(i.DMA2_Stream0_IRQHandler)
    DMA2_Stream3_IRQHandler                  0x08000945   Thumb Code     6  stm32f4xx_it.o(i.DMA2_Stream3_IRQHandler)
    DataCom_RX_Function                      0x080009f5   Thumb Code  1076  datacom.o(i.DataCom_RX_Function)
    DebugMon_Handler                         0x08000e29   Thumb Code     2  stm32f4xx_it.o(i.DebugMon_Handler)
    Encoder_Struct_Init                      0x08000e2b   Thumb Code    10  encoder.o(i.Encoder_Struct_Init)
    Encoder_UpdataValue                      0x08000e35   Thumb Code   112  encoder.o(i.Encoder_UpdataValue)
    GetdBatteryCapacity                      0x08000ea5   Thumb Code   390  batteryinfor.o(i.GetdBatteryCapacity)
    HAL_ADC_ConfigChannel                    0x080010b9   Thumb Code   316  stm32f4xx_hal_adc.o(i.HAL_ADC_ConfigChannel)
    HAL_ADC_ConvCpltCallback                 0x08001205   Thumb Code     2  stm32f4xx_hal_adc.o(i.HAL_ADC_ConvCpltCallback)
    HAL_ADC_ConvHalfCpltCallback             0x08001207   Thumb Code     2  stm32f4xx_hal_adc.o(i.HAL_ADC_ConvHalfCpltCallback)
    HAL_ADC_ErrorCallback                    0x08001209   Thumb Code     2  stm32f4xx_hal_adc.o(i.HAL_ADC_ErrorCallback)
    HAL_ADC_Init                             0x0800120b   Thumb Code    84  stm32f4xx_hal_adc.o(i.HAL_ADC_Init)
    HAL_ADC_MspInit                          0x08001261   Thumb Code   142  stm32f4xx_hal_msp.o(i.HAL_ADC_MspInit)
    HAL_ADC_Start_DMA                        0x08001305   Thumb Code   270  stm32f4xx_hal_adc.o(i.HAL_ADC_Start_DMA)
    HAL_CAN_ActivateNotification             0x08001439   Thumb Code    36  stm32f4xx_hal_can.o(i.HAL_CAN_ActivateNotification)
    HAL_CAN_ConfigFilter                     0x0800145d   Thumb Code   262  stm32f4xx_hal_can.o(i.HAL_CAN_ConfigFilter)
    HAL_CAN_ErrorCallback                    0x08001569   Thumb Code     2  stm32f4xx_hal_can.o(i.HAL_CAN_ErrorCallback)
    HAL_CAN_GetRxMessage                     0x0800156b   Thumb Code   232  stm32f4xx_hal_can.o(i.HAL_CAN_GetRxMessage)
    HAL_CAN_GetState                         0x08001653   Thumb Code    36  stm32f4xx_hal_can.o(i.HAL_CAN_GetState)
    HAL_CAN_IRQHandler                       0x08001677   Thumb Code   508  stm32f4xx_hal_can.o(i.HAL_CAN_IRQHandler)
    HAL_CAN_Init                             0x08001873   Thumb Code   282  stm32f4xx_hal_can.o(i.HAL_CAN_Init)
    HAL_CAN_MspInit                          0x0800198d   Thumb Code   142  stm32f4xx_hal_msp.o(i.HAL_CAN_MspInit)
    HAL_CAN_RxFifo0FullCallback              0x08001a29   Thumb Code     2  stm32f4xx_hal_can.o(i.HAL_CAN_RxFifo0FullCallback)
    HAL_CAN_RxFifo0MsgPendingCallback        0x08001a2d   Thumb Code    50  can1.o(i.HAL_CAN_RxFifo0MsgPendingCallback)
    HAL_CAN_RxFifo1FullCallback              0x08001a6d   Thumb Code     2  stm32f4xx_hal_can.o(i.HAL_CAN_RxFifo1FullCallback)
    HAL_CAN_RxFifo1MsgPendingCallback        0x08001a71   Thumb Code    14  can1.o(i.HAL_CAN_RxFifo1MsgPendingCallback)
    HAL_CAN_SleepCallback                    0x08001a85   Thumb Code     2  stm32f4xx_hal_can.o(i.HAL_CAN_SleepCallback)
    HAL_CAN_Start                            0x08001a87   Thumb Code    86  stm32f4xx_hal_can.o(i.HAL_CAN_Start)
    HAL_CAN_TxMailbox0AbortCallback          0x08001add   Thumb Code     2  stm32f4xx_hal_can.o(i.HAL_CAN_TxMailbox0AbortCallback)
    HAL_CAN_TxMailbox0CompleteCallback       0x08001adf   Thumb Code     2  can1.o(i.HAL_CAN_TxMailbox0CompleteCallback)
    HAL_CAN_TxMailbox1AbortCallback          0x08001ae1   Thumb Code     2  stm32f4xx_hal_can.o(i.HAL_CAN_TxMailbox1AbortCallback)
    HAL_CAN_TxMailbox1CompleteCallback       0x08001ae3   Thumb Code     2  can1.o(i.HAL_CAN_TxMailbox1CompleteCallback)
    HAL_CAN_TxMailbox2AbortCallback          0x08001ae5   Thumb Code     2  stm32f4xx_hal_can.o(i.HAL_CAN_TxMailbox2AbortCallback)
    HAL_CAN_TxMailbox2CompleteCallback       0x08001ae7   Thumb Code     2  can1.o(i.HAL_CAN_TxMailbox2CompleteCallback)
    HAL_CAN_WakeUpFromRxMsgCallback          0x08001ae9   Thumb Code     2  stm32f4xx_hal_can.o(i.HAL_CAN_WakeUpFromRxMsgCallback)
    HAL_DMA_Abort                            0x08001aeb   Thumb Code   142  stm32f4xx_hal_dma.o(i.HAL_DMA_Abort)
    HAL_DMA_Abort_IT                         0x08001b79   Thumb Code    36  stm32f4xx_hal_dma.o(i.HAL_DMA_Abort_IT)
    HAL_DMA_IRQHandler                       0x08001b9d   Thumb Code   412  stm32f4xx_hal_dma.o(i.HAL_DMA_IRQHandler)
    HAL_DMA_Init                             0x08001d3d   Thumb Code   206  stm32f4xx_hal_dma.o(i.HAL_DMA_Init)
    HAL_DMA_Start_IT                         0x08001e11   Thumb Code   110  stm32f4xx_hal_dma.o(i.HAL_DMA_Start_IT)
    HAL_Delay                                0x08001e81   Thumb Code    32  stm32f4xx_hal.o(i.HAL_Delay)
    HAL_GPIO_Init                            0x08001ea5   Thumb Code   390  stm32f4xx_hal_gpio.o(i.HAL_GPIO_Init)
    HAL_GPIO_TogglePin                       0x08002059   Thumb Code    14  stm32f4xx_hal_gpio.o(i.HAL_GPIO_TogglePin)
    HAL_GPIO_WritePin                        0x08002067   Thumb Code    10  stm32f4xx_hal_gpio.o(i.HAL_GPIO_WritePin)
    HAL_GetTick                              0x08002071   Thumb Code     6  stm32f4xx_hal.o(i.HAL_GetTick)
    HAL_GetUIDw0                             0x0800207d   Thumb Code     6  stm32f4xx_hal.o(i.HAL_GetUIDw0)
    HAL_IncTick                              0x08002089   Thumb Code    12  stm32f4xx_hal.o(i.HAL_IncTick)
    HAL_Init                                 0x08002099   Thumb Code    48  stm32f4xx_hal.o(i.HAL_Init)
    HAL_InitTick                             0x080020cd   Thumb Code   100  stm32f4xx_hal_timebase_tim.o(i.HAL_InitTick)
    HAL_MspInit                              0x08002141   Thumb Code    52  stm32f4xx_hal_msp.o(i.HAL_MspInit)
    HAL_NVIC_EnableIRQ                       0x08002179   Thumb Code    26  stm32f4xx_hal_cortex.o(i.HAL_NVIC_EnableIRQ)
    HAL_NVIC_SetPriority                     0x08002195   Thumb Code    60  stm32f4xx_hal_cortex.o(i.HAL_NVIC_SetPriority)
    HAL_NVIC_SetPriorityGrouping             0x080021d5   Thumb Code    26  stm32f4xx_hal_cortex.o(i.HAL_NVIC_SetPriorityGrouping)
    HAL_RCC_ClockConfig                      0x080021f9   Thumb Code   288  stm32f4xx_hal_rcc.o(i.HAL_RCC_ClockConfig)
    HAL_RCC_GetClockConfig                   0x0800232d   Thumb Code    54  stm32f4xx_hal_rcc.o(i.HAL_RCC_GetClockConfig)
    HAL_RCC_GetPCLK1Freq                     0x0800236d   Thumb Code    20  stm32f4xx_hal_rcc.o(i.HAL_RCC_GetPCLK1Freq)
    HAL_RCC_GetPCLK2Freq                     0x0800238d   Thumb Code    20  stm32f4xx_hal_rcc.o(i.HAL_RCC_GetPCLK2Freq)
    HAL_RCC_GetSysClockFreq                  0x080023ad   Thumb Code    88  stm32f4xx_hal_rcc.o(i.HAL_RCC_GetSysClockFreq)
    HAL_RCC_OscConfig                        0x0800240d   Thumb Code   820  stm32f4xx_hal_rcc.o(i.HAL_RCC_OscConfig)
    HAL_SPI_ErrorCallback                    0x08002755   Thumb Code     2  stm32f4xx_hal_spi.o(i.HAL_SPI_ErrorCallback)
    HAL_SPI_GetState                         0x08002757   Thumb Code     6  stm32f4xx_hal_spi.o(i.HAL_SPI_GetState)
    HAL_SPI_IRQHandler                       0x0800275d   Thumb Code   246  stm32f4xx_hal_spi.o(i.HAL_SPI_IRQHandler)
    HAL_SPI_Init                             0x08002859   Thumb Code   128  stm32f4xx_hal_spi.o(i.HAL_SPI_Init)
    HAL_SPI_MspInit                          0x080028d9   Thumb Code   244  stm32f4xx_hal_msp.o(i.HAL_SPI_MspInit)
    HAL_SPI_RxCpltCallback                   0x080029e5   Thumb Code    10  spi.o(i.HAL_SPI_RxCpltCallback)
    HAL_SPI_RxHalfCpltCallback               0x080029f5   Thumb Code     2  stm32f4xx_hal_spi.o(i.HAL_SPI_RxHalfCpltCallback)
    HAL_SPI_TransmitReceive                  0x080029f7   Thumb Code   474  stm32f4xx_hal_spi.o(i.HAL_SPI_TransmitReceive)
    HAL_SPI_TransmitReceive_DMA              0x08002bd1   Thumb Code   270  stm32f4xx_hal_spi.o(i.HAL_SPI_TransmitReceive_DMA)
    HAL_SPI_TxRxCpltCallback                 0x08002cf5   Thumb Code    14  spi.o(i.HAL_SPI_TxRxCpltCallback)
    HAL_SPI_TxRxHalfCpltCallback             0x08002d09   Thumb Code     2  stm32f4xx_hal_spi.o(i.HAL_SPI_TxRxHalfCpltCallback)
    HAL_TIMEx_BreakCallback                  0x08002d0b   Thumb Code     2  stm32f4xx_hal_tim_ex.o(i.HAL_TIMEx_BreakCallback)
    HAL_TIMEx_CommutCallback                 0x08002d0d   Thumb Code     2  stm32f4xx_hal_tim_ex.o(i.HAL_TIMEx_CommutCallback)
    HAL_TIMEx_ConfigBreakDeadTime            0x08002d0f   Thumb Code    84  stm32f4xx_hal_tim_ex.o(i.HAL_TIMEx_ConfigBreakDeadTime)
    HAL_TIMEx_MasterConfigSynchronization    0x08002d65   Thumb Code   116  stm32f4xx_hal_tim_ex.o(i.HAL_TIMEx_MasterConfigSynchronization)
    HAL_TIM_Base_Init                        0x08002df5   Thumb Code    54  stm32f4xx_hal_tim.o(i.HAL_TIM_Base_Init)
    HAL_TIM_Base_MspInit                     0x08002e2b   Thumb Code     2  stm32f4xx_hal_tim.o(i.HAL_TIM_Base_MspInit)
    HAL_TIM_Base_Start_IT                    0x08002e2d   Thumb Code    34  stm32f4xx_hal_tim.o(i.HAL_TIM_Base_Start_IT)
    HAL_TIM_Encoder_Init                     0x08002e4f   Thumb Code   152  stm32f4xx_hal_tim.o(i.HAL_TIM_Encoder_Init)
    HAL_TIM_Encoder_MspInit                  0x08002ee9   Thumb Code   320  stm32f4xx_hal_msp.o(i.HAL_TIM_Encoder_MspInit)
    HAL_TIM_Encoder_Start                    0x08003041   Thumb Code    50  stm32f4xx_hal_tim.o(i.HAL_TIM_Encoder_Start)
    HAL_TIM_IC_CaptureCallback               0x08003075   Thumb Code    54  tim1.o(i.HAL_TIM_IC_CaptureCallback)
    HAL_TIM_IC_ConfigChannel                 0x080030c1   Thumb Code   284  stm32f4xx_hal_tim.o(i.HAL_TIM_IC_ConfigChannel)
    HAL_TIM_IC_Init                          0x080031dd   Thumb Code    54  stm32f4xx_hal_tim.o(i.HAL_TIM_IC_Init)
    HAL_TIM_IC_MspInit                       0x08003215   Thumb Code   124  stm32f4xx_hal_msp.o(i.HAL_TIM_IC_MspInit)
    HAL_TIM_IC_Start_IT                      0x0800329d   Thumb Code    86  stm32f4xx_hal_tim.o(i.HAL_TIM_IC_Start_IT)
    HAL_TIM_IRQHandler                       0x080032f3   Thumb Code   358  stm32f4xx_hal_tim.o(i.HAL_TIM_IRQHandler)
    HAL_TIM_OC_DelayElapsedCallback          0x08003459   Thumb Code     2  stm32f4xx_hal_tim.o(i.HAL_TIM_OC_DelayElapsedCallback)
    HAL_TIM_PWM_ConfigChannel                0x0800345b   Thumb Code   208  stm32f4xx_hal_tim.o(i.HAL_TIM_PWM_ConfigChannel)
    HAL_TIM_PWM_Init                         0x0800352b   Thumb Code    54  stm32f4xx_hal_tim.o(i.HAL_TIM_PWM_Init)
    HAL_TIM_PWM_MspInit                      0x08003561   Thumb Code   140  stm32f4xx_hal_msp.o(i.HAL_TIM_PWM_MspInit)
    HAL_TIM_PWM_PulseFinishedCallback        0x08003601   Thumb Code     2  stm32f4xx_hal_tim.o(i.HAL_TIM_PWM_PulseFinishedCallback)
    HAL_TIM_PWM_Start                        0x08003605   Thumb Code    58  stm32f4xx_hal_tim.o(i.HAL_TIM_PWM_Start)
    HAL_TIM_PeriodElapsedCallback            0x08003649   Thumb Code   156  encoder.o(i.HAL_TIM_PeriodElapsedCallback)
    HAL_TIM_ReadCapturedValue                0x0800370d   Thumb Code    42  stm32f4xx_hal_tim.o(i.HAL_TIM_ReadCapturedValue)
    HAL_TIM_TriggerCallback                  0x08003737   Thumb Code     2  stm32f4xx_hal_tim.o(i.HAL_TIM_TriggerCallback)
    HAL_UART_DMAStop                         0x08003739   Thumb Code    88  stm32f4xx_hal_uart.o(i.HAL_UART_DMAStop)
    HAL_UART_ErrorCallback                   0x08003791   Thumb Code    76  uart.o(i.HAL_UART_ErrorCallback)
    HAL_UART_GetState                        0x080037dd   Thumb Code    10  stm32f4xx_hal_uart.o(i.HAL_UART_GetState)
    HAL_UART_IRQHandler                      0x080037e9   Thumb Code   270  stm32f4xx_hal_uart.o(i.HAL_UART_IRQHandler)
    HAL_UART_Init                            0x080038fd   Thumb Code    98  stm32f4xx_hal_uart.o(i.HAL_UART_Init)
    HAL_UART_MspInit                         0x08003961   Thumb Code   650  stm32f4xx_hal_msp.o(i.HAL_UART_MspInit)
    HAL_UART_Receive_DMA                     0x08003c25   Thumb Code   138  stm32f4xx_hal_uart.o(i.HAL_UART_Receive_DMA)
    HAL_UART_RxCpltCallback                  0x08003cbd   Thumb Code     2  uart.o(i.HAL_UART_RxCpltCallback)
    HAL_UART_RxHalfCpltCallback              0x08003cbf   Thumb Code     2  stm32f4xx_hal_uart.o(i.HAL_UART_RxHalfCpltCallback)
    HAL_UART_Transmit_DMA                    0x08003cc1   Thumb Code   116  stm32f4xx_hal_uart.o(i.HAL_UART_Transmit_DMA)
    HAL_UART_TxCpltCallback                  0x08003d41   Thumb Code    30  uart.o(i.HAL_UART_TxCpltCallback)
    HAL_UART_TxHalfCpltCallback              0x08003d71   Thumb Code     2  stm32f4xx_hal_uart.o(i.HAL_UART_TxHalfCpltCallback)
    HardFault_Handler                        0x08003d73   Thumb Code     2  stm32f4xx_it.o(i.HardFault_Handler)
    ICM42605_GetAres                         0x08003d75   Thumb Code    50  icm42605.o(i.ICM42605_GetAres)
    ICM42605_GetGres                         0x08003dbd   Thumb Code    76  icm42605.o(i.ICM42605_GetGres)
    ICM42605_GyroFilter                      0x08003e2d   Thumb Code   466  icm42605.o(i.ICM42605_GyroFilter)
    ICM42605_Init                            0x0800401d   Thumb Code   272  icm42605.o(i.ICM42605_Init)
    ICM42605_Read_FIFO                       0x08004139   Thumb Code   552  icm42605.o(i.ICM42605_Read_FIFO)
    ICM42605_Read_Reg                        0x0800437d   Thumb Code    66  icm42605.o(i.ICM42605_Read_Reg)
    ICM42605_Read_Regs                       0x080043c9   Thumb Code    56  icm42605.o(i.ICM42605_Read_Regs)
    ICM42605_Write_Reg                       0x08004409   Thumb Code    52  icm42605.o(i.ICM42605_Write_Reg)
    IMUTask                                  0x08004445   Thumb Code    66  freertos.o(i.IMUTask)
    IncPID_Init                              0x08004495   Thumb Code    30  pid.o(i.IncPID_Init)
    Incremental_PID                          0x080044b9   Thumb Code    90  pid.o(i.Incremental_PID)
    IndicatorDeviceControl                   0x08004513   Thumb Code   118  indicatordevice.o(i.IndicatorDeviceControl)
    IndicatorDeviceLoop                      0x08004589   Thumb Code    62  indicatordevice.o(i.IndicatorDeviceLoop)
    IndicatorDeviceTask                      0x080045c9   Thumb Code   102  freertos.o(i.IndicatorDeviceTask)
    IndicatorDevice_Init                     0x08004641   Thumb Code   236  indicatordevice.o(i.IndicatorDevice_Init)
    KinematicsTask                           0x08004751   Thumb Code  1742  freertos.o(i.KinematicsTask)
    Kinematics_4WD_CalculateRPM              0x08004e31   Thumb Code    66  kinematics_4wd.o(i.Kinematics_4WD_CalculateRPM)
    Kinematics_4WD_GetVelocities             0x08004e81   Thumb Code   110  kinematics_4wd.o(i.Kinematics_4WD_GetVelocities)
    LPF_Struct_Init                          0x08004efd   Thumb Code    18  lowpassfilter.o(i.LPF_Struct_Init)
    LowPassFilter                            0x08004f15   Thumb Code    42  lowpassfilter.o(i.LowPassFilter)
    MX_ADC1_Init                             0x08004f41   Thumb Code    94  adc1.o(i.MX_ADC1_Init)
    MX_CAN1_Init                             0x08004fb1   Thumb Code   110  can1.o(i.MX_CAN1_Init)
    MX_FREERTOS_Init                         0x08005029   Thumb Code   140  freertos.o(i.MX_FREERTOS_Init)
    MX_SPI1_Init                             0x080050bd   Thumb Code    46  spi.o(i.MX_SPI1_Init)
    MX_TIM1_Init                             0x080050f5   Thumb Code   182  tim1.o(i.MX_TIM1_Init)
    MX_TIM2_Init                             0x080051b5   Thumb Code    80  tim2.o(i.MX_TIM2_Init)
    MX_TIM3_Init                             0x08005209   Thumb Code    78  tim3.o(i.MX_TIM3_Init)
    MX_TIM4_Init                             0x08005261   Thumb Code    78  tim4.o(i.MX_TIM4_Init)
    MX_TIM5_Init                             0x080052b9   Thumb Code    78  tim5.o(i.MX_TIM5_Init)
    MX_TIM8_Init                             0x08005311   Thumb Code   164  tim8.o(i.MX_TIM8_Init)
    MX_UART4_Init                            0x080053bd   Thumb Code    66  uart.o(i.MX_UART4_Init)
    MX_USART2_Init                           0x0800540d   Thumb Code    60  uart.o(i.MX_USART2_Init)
    MX_USART3_Init                           0x08005451   Thumb Code    60  uart.o(i.MX_USART3_Init)
    MemManage_Handler                        0x08005495   Thumb Code     2  stm32f4xx_it.o(i.MemManage_Handler)
    MotionControlTask                        0x08005499   Thumb Code   266  freertos.o(i.MotionControlTask)
    Motor1_Forward                           0x080055d1   Thumb Code    10  motorcontrol.o(i.Motor1_Forward)
    Motor1_GPIO_Init                         0x080055e1   Thumb Code    58  motorcontrol.o(i.Motor1_GPIO_Init)
    Motor1_Reverse                           0x08005625   Thumb Code    10  motorcontrol.o(i.Motor1_Reverse)
    Motor2_Forward                           0x08005635   Thumb Code    10  motorcontrol.o(i.Motor2_Forward)
    Motor2_GPIO_Init                         0x08005645   Thumb Code    56  motorcontrol.o(i.Motor2_GPIO_Init)
    Motor2_Reverse                           0x08005685   Thumb Code    10  motorcontrol.o(i.Motor2_Reverse)
    Motor3_Forward                           0x08005695   Thumb Code    10  motorcontrol.o(i.Motor3_Forward)
    Motor3_GPIO_Init                         0x080056a5   Thumb Code    58  motorcontrol.o(i.Motor3_GPIO_Init)
    Motor3_Reverse                           0x080056e9   Thumb Code    10  motorcontrol.o(i.Motor3_Reverse)
    Motor4_Forward                           0x080056f9   Thumb Code    10  motorcontrol.o(i.Motor4_Forward)
    Motor4_GPIO_Init                         0x08005709   Thumb Code    58  motorcontrol.o(i.Motor4_GPIO_Init)
    Motor4_Reverse                           0x0800574d   Thumb Code    10  motorcontrol.o(i.Motor4_Reverse)
    NMI_Handler                              0x0800575d   Thumb Code     2  stm32f4xx_it.o(i.NMI_Handler)
    ParseDataFunction                        0x0800575f   Thumb Code   138  dataprotocol.o(i.ParseDataFunction)
    ParseData_Init                           0x080057e9   Thumb Code    26  dataprotocol.o(i.ParseData_Init)
    Quaternion_Init                          0x08005805   Thumb Code    94  icm42605.o(i.Quaternion_Init)
    Quaternion_Update                        0x08005869   Thumb Code   782  icm42605.o(i.Quaternion_Update)
    RC_Init                                  0x08005b91   Thumb Code    26  rc.o(i.RC_Init)
    RC_Update                                0x08005bb1   Thumb Code   196  rc.o(i.RC_Update)
    RC_UpdateCH_int8_t                       0x08005c75   Thumb Code   980  rc.o(i.RC_UpdateCH_int8_t)
    RC_UpdateStruct                          0x08006051   Thumb Code   458  rc.o(i.RC_UpdateStruct)
    RS485_RD                                 0x08006229   Thumb Code    20  rs485.o(i.RS485_RD)
    RS485_RD_GPIO_Init                       0x0800623d   Thumb Code   162  rs485.o(i.RS485_RD_GPIO_Init)
    SPI1_CSX_GPIO_Init                       0x080062f9   Thumb Code    62  spi.o(i.SPI1_CSX_GPIO_Init)
    SPI1_IRQHandler                          0x08006341   Thumb Code     6  stm32f4xx_it.o(i.SPI1_IRQHandler)
    SerialInterfaceTask                      0x080065a1   Thumb Code   120  freertos.o(i.SerialInterfaceTask)
    Sgn                                      0x0800662d   Thumb Code    24  encoder.o(i.Sgn)
    SysTick_Handler                          0x08006645   Thumb Code    38  port.o(i.SysTick_Handler)
    SystemClock_Config                       0x08006671   Thumb Code   122  main.o(i.SystemClock_Config)
    SystemInit                               0x080066f5   Thumb Code    22  system_stm32f4xx.o(i.SystemInit)
    TIM1_CC_IRQHandler                       0x08006711   Thumb Code     6  stm32f4xx_it.o(i.TIM1_CC_IRQHandler)
    TIM1_UP_TIM10_IRQHandler                 0x0800671d   Thumb Code     6  stm32f4xx_it.o(i.TIM1_UP_TIM10_IRQHandler)
    TIM2_IRQHandler                          0x08006729   Thumb Code     6  stm32f4xx_it.o(i.TIM2_IRQHandler)
    TIM3_IRQHandler                          0x08006735   Thumb Code     6  stm32f4xx_it.o(i.TIM3_IRQHandler)
    TIM4_IRQHandler                          0x08006741   Thumb Code     6  stm32f4xx_it.o(i.TIM4_IRQHandler)
    TIM5_IRQHandler                          0x0800674d   Thumb Code     6  stm32f4xx_it.o(i.TIM5_IRQHandler)
    TIM7_IRQHandler                          0x08006759   Thumb Code     6  stm32f4xx_it.o(i.TIM7_IRQHandler)
    TIM_Base_SetConfig                       0x08006765   Thumb Code   156  stm32f4xx_hal_tim.o(i.TIM_Base_SetConfig)
    TIM_CCxChannelCmd                        0x0800682d   Thumb Code    26  stm32f4xx_hal_tim.o(i.TIM_CCxChannelCmd)
    TIM_OC2_SetConfig                        0x080068a9   Thumb Code    98  stm32f4xx_hal_tim.o(i.TIM_OC2_SetConfig)
    TIM_TI1_SetConfig                        0x080069cd   Thumb Code   100  stm32f4xx_hal_tim.o(i.TIM_TI1_SetConfig)
    UART4_IRQHandler                         0x08006a85   Thumb Code    28  stm32f4xx_it.o(i.UART4_IRQHandler)
    USART2_IRQHandler                        0x08006dcd   Thumb Code    28  stm32f4xx_it.o(i.USART2_IRQHandler)
    USART3_IRQHandler                        0x08006ded   Thumb Code    28  stm32f4xx_it.o(i.USART3_IRQHandler)
    UpdateBatteryInfor                       0x08006e0d   Thumb Code    98  batteryinfor.o(i.UpdateBatteryInfor)
    UsageFault_Handler                       0x08006e79   Thumb Code     2  stm32f4xx_it.o(i.UsageFault_Handler)
    UsartReceive_IDLE                        0x08006e7d   Thumb Code   210  uart.o(i.UsartReceive_IDLE)
    VelocityControl_4WD                      0x08006f79   Thumb Code  1116  velocitycontrol.o(i.VelocityControl_4WD)
    __ARM_fpclassifyf                        0x080073d5   Thumb Code    38  fpclassifyf.o(i.__ARM_fpclassifyf)
    __hardfp_asinf                           0x0800741d   Thumb Code   258  asinf.o(i.__hardfp_asinf)
    __hardfp_atan2f                          0x08007549   Thumb Code   502  atan2f.o(i.__hardfp_atan2f)
    __hardfp_fabs                            0x08007799   Thumb Code    20  fabs.o(i.__hardfp_fabs)
    __hardfp_sqrtf                           0x080077ad   Thumb Code    58  sqrtf.o(i.__hardfp_sqrtf)
    __mathlib_flt_infnan                     0x080077e7   Thumb Code     6  funder.o(i.__mathlib_flt_infnan)
    __mathlib_flt_infnan2                    0x080077ed   Thumb Code     6  funder.o(i.__mathlib_flt_infnan2)
    __mathlib_flt_invalid                    0x080077f5   Thumb Code    10  funder.o(i.__mathlib_flt_invalid)
    __mathlib_flt_underflow                  0x08007805   Thumb Code    10  funder.o(i.__mathlib_flt_underflow)
    __scatterload_copy                       0x08007815   Thumb Code    14  handlers.o(i.__scatterload_copy)
    __scatterload_null                       0x08007823   Thumb Code     2  handlers.o(i.__scatterload_null)
    __scatterload_zeroinit                   0x08007825   Thumb Code    14  handlers.o(i.__scatterload_zeroinit)
    __set_errno                              0x08007835   Thumb Code     6  errno.o(i.__set_errno)
    main                                     0x08007841   Thumb Code    52  main.o(i.main)
    osDelay                                  0x08007889   Thumb Code    14  cmsis_os.o(i.osDelay)
    osKernelStart                            0x08007897   Thumb Code    10  cmsis_os.o(i.osKernelStart)
    osThreadCreate                           0x080078a1   Thumb Code    84  cmsis_os.o(i.osThreadCreate)
    pvPortMalloc                             0x08007d71   Thumb Code   210  heap_4.o(i.pvPortMalloc)
    pxPortInitialiseStack                    0x08007e49   Thumb Code    40  port.o(i.pxPortInitialiseStack)
    sqrtf                                    0x08007e75   Thumb Code    62  sqrtf.o(i.sqrtf)
    uxListRemove                             0x08007eb3   Thumb Code    38  list.o(i.uxListRemove)
    vApplicationGetIdleTaskMemory            0x08007ed9   Thumb Code    16  freertos.o(i.vApplicationGetIdleTaskMemory)
    vListInitialise                          0x08007eed   Thumb Code    22  list.o(i.vListInitialise)
    vListInitialiseItem                      0x08007f03   Thumb Code     6  list.o(i.vListInitialiseItem)
    vListInsert                              0x08007f09   Thumb Code    48  list.o(i.vListInsert)
    vListInsertEnd                           0x08007f39   Thumb Code    24  list.o(i.vListInsertEnd)
    vPortEnterCritical                       0x08007f51   Thumb Code    54  port.o(i.vPortEnterCritical)
    vPortExitCritical                        0x08007f91   Thumb Code    34  port.o(i.vPortExitCritical)
    vPortFree                                0x08007fb9   Thumb Code    88  heap_4.o(i.vPortFree)
    vPortSetupTimerInterrupt                 0x08008015   Thumb Code    32  port.o(i.vPortSetupTimerInterrupt)
    vPortValidateInterruptPriority           0x08008039   Thumb Code    74  port.o(i.vPortValidateInterruptPriority)
    vTaskDelay                               0x0800808d   Thumb Code    66  tasks.o(i.vTaskDelay)
    vTaskInternalSetTimeOutState             0x080080d9   Thumb Code    12  tasks.o(i.vTaskInternalSetTimeOutState)
    vTaskMissedYield                         0x080080e9   Thumb Code     8  tasks.o(i.vTaskMissedYield)
    vTaskPlaceOnEventList                    0x080080f5   Thumb Code    44  tasks.o(i.vTaskPlaceOnEventList)
    vTaskStartScheduler                      0x08008125   Thumb Code    90  tasks.o(i.vTaskStartScheduler)
    vTaskSuspendAll                          0x08008191   Thumb Code    10  tasks.o(i.vTaskSuspendAll)
    vTaskSwitchContext                       0x080081a1   Thumb Code    82  tasks.o(i.vTaskSwitchContext)
    xPortStartScheduler                      0x080081fd   Thumb Code   224  port.o(i.xPortStartScheduler)
    xQueueGenericCreate                      0x080082f1   Thumb Code    72  queue.o(i.xQueueGenericCreate)
    xQueueGenericReset                       0x08008339   Thumb Code   132  queue.o(i.xQueueGenericReset)
    xQueueGenericSendFromISR                 0x080083c1   Thumb Code   188  queue.o(i.xQueueGenericSendFromISR)
    xQueueReceive                            0x0800847d   Thumb Code   308  queue.o(i.xQueueReceive)
    xTaskCheckForTimeOut                     0x080085b5   Thumb Code   112  tasks.o(i.xTaskCheckForTimeOut)
    xTaskCreate                              0x08008629   Thumb Code    90  tasks.o(i.xTaskCreate)
    xTaskCreateStatic                        0x08008683   Thumb Code    90  tasks.o(i.xTaskCreateStatic)
    xTaskGetSchedulerState                   0x080086dd   Thumb Code    22  tasks.o(i.xTaskGetSchedulerState)
    xTaskIncrementTick                       0x080086f9   Thumb Code   192  tasks.o(i.xTaskIncrementTick)
    xTaskPriorityDisinherit                  0x080087c1   Thumb Code   144  tasks.o(i.xTaskPriorityDisinherit)
    xTaskRemoveFromEventList                 0x08008859   Thumb Code   108  tasks.o(i.xTaskRemoveFromEventList)
    xTaskResumeAll                           0x080088cd   Thumb Code   182  tasks.o(i.xTaskResumeAll)
    AHBPrescTable                            0x08008a40   Data          16  system_stm32f4xx.o(.constdata)
    APBPrescTable                            0x08008a50   Data           8  system_stm32f4xx.o(.constdata)
    Region$$Table$$Base                      0x08008a9c   Number         0  anon$$obj.o(Region$$Table)
    Region$$Table$$Limit                     0x08008abc   Number         0  anon$$obj.o(Region$$Table)
    IndicatorDeviceHandle                    0x2000000c   Data           4  freertos.o(.data)
    IMUHandle                                0x20000010   Data           4  freertos.o(.data)
    KinematicsHandle                         0x20000014   Data           4  freertos.o(.data)
    MotionControlHandle                      0x20000018   Data           4  freertos.o(.data)
    BMSHandle                                0x2000001c   Data           4  freertos.o(.data)
    SerialInterfaceHandle                    0x20000020   Data           4  freertos.o(.data)
    floatHex                                 0x20000024   Data           4  shareware.o(.data)
    SystemState                              0x20000028   Data           1  shareware.o(.data)
    Encoder_M1                               0x2000002c   Data           8  shareware.o(.data)
    Encoder_M2                               0x20000034   Data           8  shareware.o(.data)
    Encoder_M3                               0x2000003c   Data           8  shareware.o(.data)
    Encoder_M4                               0x20000044   Data           8  shareware.o(.data)
    MastMessage_Queue                        0x2000004c   Data           4  shareware.o(.data)
    ADC1_DMA_Buff                            0x20000050   Data           4  adc1.o(.data)
    Usart2_TX_State                          0x20000054   Data           1  uart.o(.data)
    RxmessageCan1_Buf                        0x2000005c   Data           8  can1.o(.data)
    TIM2_OverflowCount                       0x20000064   Data           2  encoder.o(.data)
    TIM3_OverflowCount                       0x20000066   Data           2  encoder.o(.data)
    TIM4_OverflowCount                       0x20000068   Data           2  encoder.o(.data)
    TIM5_OverflowCount                       0x2000006a   Data           2  encoder.o(.data)
    uwTickFreq                               0x2000007c   Data           1  stm32f4xx_hal.o(.data)
    uwTickPrio                               0x20000080   Data           4  stm32f4xx_hal.o(.data)
    uwTick                                   0x20000084   Data           4  stm32f4xx_hal.o(.data)
    SystemCoreClock                          0x20000088   Data           4  system_stm32f4xx.o(.data)
    pxCurrentTCB                             0x2000008c   Data           4  tasks.o(.data)
    accSensitivity                           0x2000011c   Data           4  icm42605.o(.data)
    gyroSensitivity                          0x20000120   Data           4  icm42605.o(.data)
    htim7                                    0x2000037c   Data          64  stm32f4xx_hal_timebase_tim.o(.bss)
    RS485                                    0x200003bc   Data          12  shareware.o(.bss)
    Buzzer                                   0x200003c8   Data          20  shareware.o(.bss)
    LED_Gre                                  0x200003dc   Data          20  shareware.o(.bss)
    LED_Red                                  0x200003f0   Data          20  shareware.o(.bss)
    Battery                                  0x20000404   Data          20  shareware.o(.bss)
    RC                                       0x20000418   Data          60  shareware.o(.bss)
    PID_M1                                   0x20000454   Data          24  shareware.o(.bss)
    PID_M2                                   0x2000046c   Data          24  shareware.o(.bss)
    PID_M3                                   0x20000484   Data          24  shareware.o(.bss)
    PID_M4                                   0x2000049c   Data          24  shareware.o(.bss)
    VelControl                               0x200004b4   Data          32  shareware.o(.bss)
    Kinematics_Inverse                       0x200004d4   Data          28  shareware.o(.bss)
    Kinematics_Forward                       0x200004f0   Data          28  shareware.o(.bss)
    ICM42605                                 0x2000050c   Data          84  shareware.o(.bss)
    LPF_RPM1                                 0x20000560   Data          12  shareware.o(.bss)
    LPF_RPM2                                 0x2000056c   Data          12  shareware.o(.bss)
    LPF_RPM3                                 0x20000578   Data          12  shareware.o(.bss)
    LPF_RPM4                                 0x20000584   Data          12  shareware.o(.bss)
    DataCom_RX                               0x20000590   Data          16  shareware.o(.bss)
    ParseData_Mast                           0x200005a0   Data          12  shareware.o(.bss)
    CapturePulse_1                           0x200005ac   Data          12  shareware.o(.bss)
    CapturePulse_2                           0x200005b8   Data          12  shareware.o(.bss)
    CapturePulse_3                           0x200005c4   Data          12  shareware.o(.bss)
    CapturePulse_4                           0x200005d0   Data          12  shareware.o(.bss)
    hadc1                                    0x200005dc   Data          72  adc1.o(.bss)
    hdma_adc1                                0x20000624   Data          96  adc1.o(.bss)
    hspi1                                    0x20000684   Data          88  spi.o(.bss)
    hdma_spi1_rx                             0x200006dc   Data          96  spi.o(.bss)
    hdma_spi1_tx                             0x2000073c   Data          96  spi.o(.bss)
    htim2                                    0x2000079c   Data          64  tim2.o(.bss)
    htim3                                    0x200007dc   Data          64  tim3.o(.bss)
    htim4                                    0x2000081c   Data          64  tim4.o(.bss)
    htim5                                    0x2000085c   Data          64  tim5.o(.bss)
    htim8                                    0x2000089c   Data          64  tim8.o(.bss)
    huart2                                   0x200008dc   Data          64  uart.o(.bss)
    hdma_usart2_rx                           0x2000091c   Data          96  uart.o(.bss)
    Usart2_RX_Buf                            0x2000097c   Data         100  uart.o(.bss)
    Usart2_TX_Buf                            0x200009e0   Data         100  uart.o(.bss)
    huart3                                   0x20000a44   Data          64  uart.o(.bss)
    hdma_usart3_rx                           0x20000a84   Data          96  uart.o(.bss)
    Usart3_RX_Buf                            0x20000ae4   Data          60  uart.o(.bss)
    huart4                                   0x20000b20   Data          64  uart.o(.bss)
    hdma_uart4_rx                            0x20000b60   Data          96  uart.o(.bss)
    Uart4_RX_Buf                             0x20000bc0   Data          30  uart.o(.bss)
    hdma_usart2_tx                           0x20000be0   Data          96  uart.o(.bss)
    hdma_usart3_tx                           0x20000c40   Data          96  uart.o(.bss)
    hdma_uart4_tx                            0x20000ca0   Data          96  uart.o(.bss)
    hcan1                                    0x20000d00   Data          40  can1.o(.bss)
    RxmessageCan1                            0x20000d28   Data          28  can1.o(.bss)
    TxmessageCan1                            0x20000d44   Data          24  can1.o(.bss)
    sConfigIC                                0x20000d5c   Data          16  tim1.o(.bss)
    htim1                                    0x20000d6c   Data          64  tim1.o(.bss)
    Quaternion                               0x20004a9c   Data          84  icm42605.o(.bss)
    __initial_sp                             0x200052f0   Data           0  startup_stm32f405xx.o(STACK)



==============================================================================

Memory Map of the image

  Image Entry point : 0x08000189

  Load Region LR_IROM1 (Base: 0x08000000, Size: 0x00008be4, Max: 0x00100000, ABSOLUTE)

    Execution Region ER_IROM1 (Exec base: 0x08000000, Load base: 0x08000000, Size: 0x00008abc, Max: 0x00100000, ABSOLUTE)

    Exec Addr    Load Addr    Size         Type   Attr      Idx    E Section Name        Object

    0x08000000   0x08000000   0x00000188   Data   RO            3    RESET               startup_stm32f405xx.o
    0x08000188   0x08000188   0x00000000   Code   RO         6901  * .ARM.Collect$$$$00000000  mc_w.l(entry.o)
    0x08000188   0x08000188   0x00000004   Code   RO         6964    .ARM.Collect$$$$00000001  mc_w.l(entry2.o)
    0x0800018c   0x0800018c   0x00000004   Code   RO         6967    .ARM.Collect$$$$00000004  mc_w.l(entry5.o)
    0x08000190   0x08000190   0x00000000   Code   RO         6969    .ARM.Collect$$$$00000008  mc_w.l(entry7b.o)
    0x08000190   0x08000190   0x00000000   Code   RO         6971    .ARM.Collect$$$$0000000A  mc_w.l(entry8b.o)
    0x08000190   0x08000190   0x00000008   Code   RO         6972    .ARM.Collect$$$$0000000B  mc_w.l(entry9a.o)
    0x08000198   0x08000198   0x00000000   Code   RO         6974    .ARM.Collect$$$$0000000D  mc_w.l(entry10a.o)
    0x08000198   0x08000198   0x00000000   Code   RO         6976    .ARM.Collect$$$$0000000F  mc_w.l(entry11a.o)
    0x08000198   0x08000198   0x00000004   Code   RO         6965    .ARM.Collect$$$$00002712  mc_w.l(entry2.o)
    0x0800019c   0x0800019c   0x000000be   Code   RO         6588    .emb_text           port.o
    0x0800025a   0x0800025a   0x00000002   PAD
    0x0800025c   0x0800025c   0x00000024   Code   RO            4    .text               startup_stm32f405xx.o
    0x08000280   0x08000280   0x00000062   Code   RO         6904    .text               mc_w.l(uldiv.o)
    0x080002e2   0x080002e2   0x00000024   Code   RO         6906    .text               mc_w.l(memcpya.o)
    0x08000306   0x08000306   0x00000024   Code   RO         6910    .text               mc_w.l(memseta.o)
    0x0800032a   0x0800032a   0x000000e4   Code   RO         6942    .text               mf_w.l(dmul.o)
    0x0800040e   0x0800040e   0x00000026   Code   RO         6944    .text               mf_w.l(f2d.o)
    0x08000434   0x08000434   0x00000030   Code   RO         6946    .text               mf_w.l(cdrcmple.o)
    0x08000464   0x08000464   0x0000001e   Code   RO         6983    .text               mc_w.l(llshl.o)
    0x08000482   0x08000482   0x00000020   Code   RO         6985    .text               mc_w.l(llushr.o)
    0x080004a2   0x080004a2   0x00000000   Code   RO         6994    .text               mc_w.l(iusefp.o)
    0x080004a2   0x080004a2   0x000000ba   Code   RO         6995    .text               mf_w.l(depilogue.o)
    0x0800055c   0x0800055c   0x00000024   Code   RO         7003    .text               mc_w.l(init.o)
    0x08000580   0x08000580   0x0000006e   Code   RO         3896    i.ADC_DMAConvCplt   stm32f4xx_hal_adc.o
    0x080005ee   0x080005ee   0x00000016   Code   RO         3897    i.ADC_DMAError      stm32f4xx_hal_adc.o
    0x08000604   0x08000604   0x0000000a   Code   RO         3898    i.ADC_DMAHalfConvCplt  stm32f4xx_hal_adc.o
    0x0800060e   0x0800060e   0x00000002   PAD
    0x08000610   0x08000610   0x00000128   Code   RO         3899    i.ADC_Init          stm32f4xx_hal_adc.o
    0x08000738   0x08000738   0x00000038   Code   RO          315    i.BMSTask           freertos.o
    0x08000770   0x08000770   0x00000020   Code   RO         1487    i.Battery_Init      batteryinfor.o
    0x08000790   0x08000790   0x00000002   Code   RO          415    i.BusFault_Handler  stm32f4xx_it.o
    0x08000792   0x08000792   0x00000002   PAD
    0x08000794   0x08000794   0x0000000c   Code   RO          416    i.CAN1_RX0_IRQHandler  stm32f4xx_it.o
    0x080007a0   0x080007a0   0x00000018   Code   RO         1247    i.CAN1_SetTxMsg     can1.o
    0x080007b8   0x080007b8   0x0000000c   Code   RO          417    i.CAN1_TX_IRQHandler  stm32f4xx_it.o
    0x080007c4   0x080007c4   0x0000012c   Code   RO         1316    i.CapturePulseCallback  tim1.o
    0x080008f0   0x080008f0   0x0000000c   Code   RO          418    i.DMA1_Stream1_IRQHandler  stm32f4xx_it.o
    0x080008fc   0x080008fc   0x0000000c   Code   RO          419    i.DMA1_Stream2_IRQHandler  stm32f4xx_it.o
    0x08000908   0x08000908   0x0000000c   Code   RO          420    i.DMA1_Stream3_IRQHandler  stm32f4xx_it.o
    0x08000914   0x08000914   0x0000000c   Code   RO          421    i.DMA1_Stream4_IRQHandler  stm32f4xx_it.o
    0x08000920   0x08000920   0x0000000c   Code   RO          422    i.DMA1_Stream5_IRQHandler  stm32f4xx_it.o
    0x0800092c   0x0800092c   0x0000000c   Code   RO          423    i.DMA1_Stream6_IRQHandler  stm32f4xx_it.o
    0x08000938   0x08000938   0x0000000c   Code   RO          424    i.DMA2_Stream0_IRQHandler  stm32f4xx_it.o
    0x08000944   0x08000944   0x0000000c   Code   RO          425    i.DMA2_Stream3_IRQHandler  stm32f4xx_it.o
    0x08000950   0x08000950   0x00000028   Code   RO         2295    i.DMA_CalcBaseAndBitshift  stm32f4xx_hal_dma.o
    0x08000978   0x08000978   0x00000054   Code   RO         2296    i.DMA_CheckFifoParam  stm32f4xx_hal_dma.o
    0x080009cc   0x080009cc   0x00000028   Code   RO         2297    i.DMA_SetConfig     stm32f4xx_hal_dma.o
    0x080009f4   0x080009f4   0x00000434   Code   RO         1523    i.DataCom_RX_Function  datacom.o
    0x08000e28   0x08000e28   0x00000002   Code   RO          426    i.DebugMon_Handler  stm32f4xx_it.o
    0x08000e2a   0x08000e2a   0x0000000a   Code   RO         1434    i.Encoder_Struct_Init  encoder.o
    0x08000e34   0x08000e34   0x00000070   Code   RO         1435    i.Encoder_UpdataValue  encoder.o
    0x08000ea4   0x08000ea4   0x00000214   Code   RO         1488    i.GetdBatteryCapacity  batteryinfor.o
    0x080010b8   0x080010b8   0x0000014c   Code   RO         3901    i.HAL_ADC_ConfigChannel  stm32f4xx_hal_adc.o
    0x08001204   0x08001204   0x00000002   Code   RO         3902    i.HAL_ADC_ConvCpltCallback  stm32f4xx_hal_adc.o
    0x08001206   0x08001206   0x00000002   Code   RO         3903    i.HAL_ADC_ConvHalfCpltCallback  stm32f4xx_hal_adc.o
    0x08001208   0x08001208   0x00000002   Code   RO         3905    i.HAL_ADC_ErrorCallback  stm32f4xx_hal_adc.o
    0x0800120a   0x0800120a   0x00000054   Code   RO         3910    i.HAL_ADC_Init      stm32f4xx_hal_adc.o
    0x0800125e   0x0800125e   0x00000002   PAD
    0x08001260   0x08001260   0x000000a4   Code   RO          603    i.HAL_ADC_MspInit   stm32f4xx_hal_msp.o
    0x08001304   0x08001304   0x00000134   Code   RO         3917    i.HAL_ADC_Start_DMA  stm32f4xx_hal_adc.o
    0x08001438   0x08001438   0x00000024   Code   RO         4172    i.HAL_CAN_ActivateNotification  stm32f4xx_hal_can.o
    0x0800145c   0x0800145c   0x0000010c   Code   RO         4174    i.HAL_CAN_ConfigFilter  stm32f4xx_hal_can.o
    0x08001568   0x08001568   0x00000002   Code   RO         4177    i.HAL_CAN_ErrorCallback  stm32f4xx_hal_can.o
    0x0800156a   0x0800156a   0x000000e8   Code   RO         4180    i.HAL_CAN_GetRxMessage  stm32f4xx_hal_can.o
    0x08001652   0x08001652   0x00000024   Code   RO         4181    i.HAL_CAN_GetState  stm32f4xx_hal_can.o
    0x08001676   0x08001676   0x000001fc   Code   RO         4184    i.HAL_CAN_IRQHandler  stm32f4xx_hal_can.o
    0x08001872   0x08001872   0x0000011a   Code   RO         4185    i.HAL_CAN_Init      stm32f4xx_hal_can.o
    0x0800198c   0x0800198c   0x0000009c   Code   RO          605    i.HAL_CAN_MspInit   stm32f4xx_hal_msp.o
    0x08001a28   0x08001a28   0x00000002   Code   RO         4192    i.HAL_CAN_RxFifo0FullCallback  stm32f4xx_hal_can.o
    0x08001a2a   0x08001a2a   0x00000002   PAD
    0x08001a2c   0x08001a2c   0x00000040   Code   RO         1248    i.HAL_CAN_RxFifo0MsgPendingCallback  can1.o
    0x08001a6c   0x08001a6c   0x00000002   Code   RO         4194    i.HAL_CAN_RxFifo1FullCallback  stm32f4xx_hal_can.o
    0x08001a6e   0x08001a6e   0x00000002   PAD
    0x08001a70   0x08001a70   0x00000014   Code   RO         1249    i.HAL_CAN_RxFifo1MsgPendingCallback  can1.o
    0x08001a84   0x08001a84   0x00000002   Code   RO         4196    i.HAL_CAN_SleepCallback  stm32f4xx_hal_can.o
    0x08001a86   0x08001a86   0x00000056   Code   RO         4197    i.HAL_CAN_Start     stm32f4xx_hal_can.o
    0x08001adc   0x08001adc   0x00000002   Code   RO         4199    i.HAL_CAN_TxMailbox0AbortCallback  stm32f4xx_hal_can.o
    0x08001ade   0x08001ade   0x00000002   Code   RO         1250    i.HAL_CAN_TxMailbox0CompleteCallback  can1.o
    0x08001ae0   0x08001ae0   0x00000002   Code   RO         4201    i.HAL_CAN_TxMailbox1AbortCallback  stm32f4xx_hal_can.o
    0x08001ae2   0x08001ae2   0x00000002   Code   RO         1251    i.HAL_CAN_TxMailbox1CompleteCallback  can1.o
    0x08001ae4   0x08001ae4   0x00000002   Code   RO         4203    i.HAL_CAN_TxMailbox2AbortCallback  stm32f4xx_hal_can.o
    0x08001ae6   0x08001ae6   0x00000002   Code   RO         1252    i.HAL_CAN_TxMailbox2CompleteCallback  can1.o
    0x08001ae8   0x08001ae8   0x00000002   Code   RO         4206    i.HAL_CAN_WakeUpFromRxMsgCallback  stm32f4xx_hal_can.o
    0x08001aea   0x08001aea   0x0000008e   Code   RO         2298    i.HAL_DMA_Abort     stm32f4xx_hal_dma.o
    0x08001b78   0x08001b78   0x00000024   Code   RO         2299    i.HAL_DMA_Abort_IT  stm32f4xx_hal_dma.o
    0x08001b9c   0x08001b9c   0x000001a0   Code   RO         2303    i.HAL_DMA_IRQHandler  stm32f4xx_hal_dma.o
    0x08001d3c   0x08001d3c   0x000000d4   Code   RO         2304    i.HAL_DMA_Init      stm32f4xx_hal_dma.o
    0x08001e10   0x08001e10   0x0000006e   Code   RO         2308    i.HAL_DMA_Start_IT  stm32f4xx_hal_dma.o
    0x08001e7e   0x08001e7e   0x00000002   PAD
    0x08001e80   0x08001e80   0x00000024   Code   RO         2717    i.HAL_Delay         stm32f4xx_hal.o
    0x08001ea4   0x08001ea4   0x000001b4   Code   RO         2191    i.HAL_GPIO_Init     stm32f4xx_hal_gpio.o
    0x08002058   0x08002058   0x0000000e   Code   RO         2194    i.HAL_GPIO_TogglePin  stm32f4xx_hal_gpio.o
    0x08002066   0x08002066   0x0000000a   Code   RO         2195    i.HAL_GPIO_WritePin  stm32f4xx_hal_gpio.o
    0x08002070   0x08002070   0x0000000c   Code   RO         2723    i.HAL_GetTick       stm32f4xx_hal.o
    0x0800207c   0x0800207c   0x0000000c   Code   RO         2726    i.HAL_GetUIDw0      stm32f4xx_hal.o
    0x08002088   0x08002088   0x00000010   Code   RO         2729    i.HAL_IncTick       stm32f4xx_hal.o
    0x08002098   0x08002098   0x00000034   Code   RO         2730    i.HAL_Init          stm32f4xx_hal.o
    0x080020cc   0x080020cc   0x00000074   Code   RO          710    i.HAL_InitTick      stm32f4xx_hal_timebase_tim.o
    0x08002140   0x08002140   0x00000038   Code   RO          606    i.HAL_MspInit       stm32f4xx_hal_msp.o
    0x08002178   0x08002178   0x0000001a   Code   RO         2580    i.HAL_NVIC_EnableIRQ  stm32f4xx_hal_cortex.o
    0x08002192   0x08002192   0x00000002   PAD
    0x08002194   0x08002194   0x00000040   Code   RO         2586    i.HAL_NVIC_SetPriority  stm32f4xx_hal_cortex.o
    0x080021d4   0x080021d4   0x00000024   Code   RO         2587    i.HAL_NVIC_SetPriorityGrouping  stm32f4xx_hal_cortex.o
    0x080021f8   0x080021f8   0x00000134   Code   RO         1837    i.HAL_RCC_ClockConfig  stm32f4xx_hal_rcc.o
    0x0800232c   0x0800232c   0x00000040   Code   RO         1841    i.HAL_RCC_GetClockConfig  stm32f4xx_hal_rcc.o
    0x0800236c   0x0800236c   0x00000020   Code   RO         1844    i.HAL_RCC_GetPCLK1Freq  stm32f4xx_hal_rcc.o
    0x0800238c   0x0800238c   0x00000020   Code   RO         1845    i.HAL_RCC_GetPCLK2Freq  stm32f4xx_hal_rcc.o
    0x080023ac   0x080023ac   0x00000060   Code   RO         1846    i.HAL_RCC_GetSysClockFreq  stm32f4xx_hal_rcc.o
    0x0800240c   0x0800240c   0x00000348   Code   RO         1849    i.HAL_RCC_OscConfig  stm32f4xx_hal_rcc.o
    0x08002754   0x08002754   0x00000002   Code   RO         4412    i.HAL_SPI_ErrorCallback  stm32f4xx_hal_spi.o
    0x08002756   0x08002756   0x00000006   Code   RO         4414    i.HAL_SPI_GetState  stm32f4xx_hal_spi.o
    0x0800275c   0x0800275c   0x000000fc   Code   RO         4415    i.HAL_SPI_IRQHandler  stm32f4xx_hal_spi.o
    0x08002858   0x08002858   0x00000080   Code   RO         4416    i.HAL_SPI_Init      stm32f4xx_hal_spi.o
    0x080028d8   0x080028d8   0x0000010c   Code   RO          608    i.HAL_SPI_MspInit   stm32f4xx_hal_msp.o
    0x080029e4   0x080029e4   0x00000010   Code   RO          950    i.HAL_SPI_RxCpltCallback  spi.o
    0x080029f4   0x080029f4   0x00000002   Code   RO         4423    i.HAL_SPI_RxHalfCpltCallback  stm32f4xx_hal_spi.o
    0x080029f6   0x080029f6   0x000001da   Code   RO         4425    i.HAL_SPI_TransmitReceive  stm32f4xx_hal_spi.o
    0x08002bd0   0x08002bd0   0x00000124   Code   RO         4426    i.HAL_SPI_TransmitReceive_DMA  stm32f4xx_hal_spi.o
    0x08002cf4   0x08002cf4   0x00000014   Code   RO          952    i.HAL_SPI_TxRxCpltCallback  spi.o
    0x08002d08   0x08002d08   0x00000002   Code   RO         4433    i.HAL_SPI_TxRxHalfCpltCallback  stm32f4xx_hal_spi.o
    0x08002d0a   0x08002d0a   0x00000002   Code   RO         3645    i.HAL_TIMEx_BreakCallback  stm32f4xx_hal_tim_ex.o
    0x08002d0c   0x08002d0c   0x00000002   Code   RO         3646    i.HAL_TIMEx_CommutCallback  stm32f4xx_hal_tim_ex.o
    0x08002d0e   0x08002d0e   0x00000054   Code   RO         3648    i.HAL_TIMEx_ConfigBreakDeadTime  stm32f4xx_hal_tim_ex.o
    0x08002d62   0x08002d62   0x00000002   PAD
    0x08002d64   0x08002d64   0x00000090   Code   RO         3663    i.HAL_TIMEx_MasterConfigSynchronization  stm32f4xx_hal_tim_ex.o
    0x08002df4   0x08002df4   0x00000036   Code   RO         2970    i.HAL_TIM_Base_Init  stm32f4xx_hal_tim.o
    0x08002e2a   0x08002e2a   0x00000002   Code   RO         2972    i.HAL_TIM_Base_MspInit  stm32f4xx_hal_tim.o
    0x08002e2c   0x08002e2c   0x00000022   Code   RO         2975    i.HAL_TIM_Base_Start_IT  stm32f4xx_hal_tim.o
    0x08002e4e   0x08002e4e   0x00000098   Code   RO         2988    i.HAL_TIM_Encoder_Init  stm32f4xx_hal_tim.o
    0x08002ee6   0x08002ee6   0x00000002   PAD
    0x08002ee8   0x08002ee8   0x00000158   Code   RO          610    i.HAL_TIM_Encoder_MspInit  stm32f4xx_hal_msp.o
    0x08003040   0x08003040   0x00000032   Code   RO         2991    i.HAL_TIM_Encoder_Start  stm32f4xx_hal_tim.o
    0x08003072   0x08003072   0x00000002   PAD
    0x08003074   0x08003074   0x0000004c   Code   RO         1318    i.HAL_TIM_IC_CaptureCallback  tim1.o
    0x080030c0   0x080030c0   0x0000011c   Code   RO         3001    i.HAL_TIM_IC_ConfigChannel  stm32f4xx_hal_tim.o
    0x080031dc   0x080031dc   0x00000036   Code   RO         3004    i.HAL_TIM_IC_Init   stm32f4xx_hal_tim.o
    0x08003212   0x08003212   0x00000002   PAD
    0x08003214   0x08003214   0x00000088   Code   RO          612    i.HAL_TIM_IC_MspInit  stm32f4xx_hal_msp.o
    0x0800329c   0x0800329c   0x00000056   Code   RO         3009    i.HAL_TIM_IC_Start_IT  stm32f4xx_hal_tim.o
    0x080032f2   0x080032f2   0x00000166   Code   RO         3013    i.HAL_TIM_IRQHandler  stm32f4xx_hal_tim.o
    0x08003458   0x08003458   0x00000002   Code   RO         3016    i.HAL_TIM_OC_DelayElapsedCallback  stm32f4xx_hal_tim.o
    0x0800345a   0x0800345a   0x000000d0   Code   RO         3037    i.HAL_TIM_PWM_ConfigChannel  stm32f4xx_hal_tim.o
    0x0800352a   0x0800352a   0x00000036   Code   RO         3040    i.HAL_TIM_PWM_Init  stm32f4xx_hal_tim.o
    0x08003560   0x08003560   0x000000a0   Code   RO          614    i.HAL_TIM_PWM_MspInit  stm32f4xx_hal_msp.o
    0x08003600   0x08003600   0x00000002   Code   RO         3043    i.HAL_TIM_PWM_PulseFinishedCallback  stm32f4xx_hal_tim.o
    0x08003602   0x08003602   0x00000002   PAD
    0x08003604   0x08003604   0x00000044   Code   RO         3045    i.HAL_TIM_PWM_Start  stm32f4xx_hal_tim.o
    0x08003648   0x08003648   0x000000c4   Code   RO         1436    i.HAL_TIM_PeriodElapsedCallback  encoder.o
    0x0800370c   0x0800370c   0x0000002a   Code   RO         3053    i.HAL_TIM_ReadCapturedValue  stm32f4xx_hal_tim.o
    0x08003736   0x08003736   0x00000002   Code   RO         3056    i.HAL_TIM_TriggerCallback  stm32f4xx_hal_tim.o
    0x08003738   0x08003738   0x00000058   Code   RO         5007    i.HAL_UART_DMAStop  stm32f4xx_hal_uart.o
    0x08003790   0x08003790   0x0000004c   Code   RO         1161    i.HAL_UART_ErrorCallback  uart.o
    0x080037dc   0x080037dc   0x0000000a   Code   RO         5011    i.HAL_UART_GetState  stm32f4xx_hal_uart.o
    0x080037e6   0x080037e6   0x00000002   PAD
    0x080037e8   0x080037e8   0x00000114   Code   RO         5012    i.HAL_UART_IRQHandler  stm32f4xx_hal_uart.o
    0x080038fc   0x080038fc   0x00000062   Code   RO         5013    i.HAL_UART_Init     stm32f4xx_hal_uart.o
    0x0800395e   0x0800395e   0x00000002   PAD
    0x08003960   0x08003960   0x000002c4   Code   RO          616    i.HAL_UART_MspInit  stm32f4xx_hal_msp.o
    0x08003c24   0x08003c24   0x00000098   Code   RO         5017    i.HAL_UART_Receive_DMA  stm32f4xx_hal_uart.o
    0x08003cbc   0x08003cbc   0x00000002   Code   RO         1162    i.HAL_UART_RxCpltCallback  uart.o
    0x08003cbe   0x08003cbe   0x00000002   Code   RO         5020    i.HAL_UART_RxHalfCpltCallback  stm32f4xx_hal_uart.o
    0x08003cc0   0x08003cc0   0x00000080   Code   RO         5022    i.HAL_UART_Transmit_DMA  stm32f4xx_hal_uart.o
    0x08003d40   0x08003d40   0x00000030   Code   RO         1163    i.HAL_UART_TxCpltCallback  uart.o
    0x08003d70   0x08003d70   0x00000002   Code   RO         5025    i.HAL_UART_TxHalfCpltCallback  stm32f4xx_hal_uart.o
    0x08003d72   0x08003d72   0x00000002   Code   RO          427    i.HardFault_Handler  stm32f4xx_it.o
    0x08003d74   0x08003d74   0x00000048   Code   RO         6668    i.ICM42605_GetAres  ICM42605.lib(icm42605.o)
    0x08003dbc   0x08003dbc   0x00000070   Code   RO         6669    i.ICM42605_GetGres  ICM42605.lib(icm42605.o)
    0x08003e2c   0x08003e2c   0x000001f0   Code   RO         6672    i.ICM42605_GyroFilter  ICM42605.lib(icm42605.o)
    0x0800401c   0x0800401c   0x0000011c   Code   RO         6673    i.ICM42605_Init     ICM42605.lib(icm42605.o)
    0x08004138   0x08004138   0x00000244   Code   RO         6674    i.ICM42605_Read_FIFO  ICM42605.lib(icm42605.o)
    0x0800437c   0x0800437c   0x0000004c   Code   RO         6675    i.ICM42605_Read_Reg  ICM42605.lib(icm42605.o)
    0x080043c8   0x080043c8   0x00000040   Code   RO         6676    i.ICM42605_Read_Regs  ICM42605.lib(icm42605.o)
    0x08004408   0x08004408   0x0000003c   Code   RO         6677    i.ICM42605_Write_Reg  ICM42605.lib(icm42605.o)
    0x08004444   0x08004444   0x00000050   Code   RO          316    i.IMUTask           freertos.o
    0x08004494   0x08004494   0x00000024   Code   RO         1791    i.IncPID_Init       pid.o
    0x080044b8   0x080044b8   0x0000005a   Code   RO         1792    i.Incremental_PID   pid.o
    0x08004512   0x08004512   0x00000076   Code   RO         1395    i.IndicatorDeviceControl  indicatordevice.o
    0x08004588   0x08004588   0x0000003e   Code   RO         1396    i.IndicatorDeviceLoop  indicatordevice.o
    0x080045c6   0x080045c6   0x00000002   PAD
    0x080045c8   0x080045c8   0x00000078   Code   RO          317    i.IndicatorDeviceTask  freertos.o
    0x08004640   0x08004640   0x00000110   Code   RO         1397    i.IndicatorDevice_Init  indicatordevice.o
    0x08004750   0x08004750   0x000006e0   Code   RO          318    i.KinematicsTask    freertos.o
    0x08004e30   0x08004e30   0x00000050   Code   RO         1610    i.Kinematics_4WD_CalculateRPM  kinematics_4wd.o
    0x08004e80   0x08004e80   0x0000007c   Code   RO         1611    i.Kinematics_4WD_GetVelocities  kinematics_4wd.o
    0x08004efc   0x08004efc   0x00000018   Code   RO         1577    i.LPF_Struct_Init   lowpassfilter.o
    0x08004f14   0x08004f14   0x0000002a   Code   RO         1578    i.LowPassFilter     lowpassfilter.o
    0x08004f3e   0x08004f3e   0x00000002   PAD
    0x08004f40   0x08004f40   0x00000070   Code   RO          918    i.MX_ADC1_Init      adc1.o
    0x08004fb0   0x08004fb0   0x00000078   Code   RO         1253    i.MX_CAN1_Init      can1.o
    0x08005028   0x08005028   0x00000094   Code   RO          319    i.MX_FREERTOS_Init  freertos.o
    0x080050bc   0x080050bc   0x00000038   Code   RO          953    i.MX_SPI1_Init      spi.o
    0x080050f4   0x080050f4   0x000000c0   Code   RO         1319    i.MX_TIM1_Init      tim1.o
    0x080051b4   0x080051b4   0x00000054   Code   RO         1008    i.MX_TIM2_Init      tim2.o
    0x08005208   0x08005208   0x00000058   Code   RO         1041    i.MX_TIM3_Init      tim3.o
    0x08005260   0x08005260   0x00000058   Code   RO         1071    i.MX_TIM4_Init      tim4.o
    0x080052b8   0x080052b8   0x00000058   Code   RO         1101    i.MX_TIM5_Init      tim5.o
    0x08005310   0x08005310   0x000000ac   Code   RO         1131    i.MX_TIM8_Init      tim8.o
    0x080053bc   0x080053bc   0x00000050   Code   RO         1164    i.MX_UART4_Init     uart.o
    0x0800540c   0x0800540c   0x00000044   Code   RO         1165    i.MX_USART2_Init    uart.o
    0x08005450   0x08005450   0x00000044   Code   RO         1166    i.MX_USART3_Init    uart.o
    0x08005494   0x08005494   0x00000002   Code   RO          428    i.MemManage_Handler  stm32f4xx_it.o
    0x08005496   0x08005496   0x00000002   PAD
    0x08005498   0x08005498   0x00000138   Code   RO          320    i.MotionControlTask  freertos.o
    0x080055d0   0x080055d0   0x00000010   Code   RO         1640    i.Motor1_Forward    motorcontrol.o
    0x080055e0   0x080055e0   0x00000044   Code   RO         1641    i.Motor1_GPIO_Init  motorcontrol.o
    0x08005624   0x08005624   0x00000010   Code   RO         1642    i.Motor1_Reverse    motorcontrol.o
    0x08005634   0x08005634   0x00000010   Code   RO         1643    i.Motor2_Forward    motorcontrol.o
    0x08005644   0x08005644   0x00000040   Code   RO         1644    i.Motor2_GPIO_Init  motorcontrol.o
    0x08005684   0x08005684   0x00000010   Code   RO         1645    i.Motor2_Reverse    motorcontrol.o
    0x08005694   0x08005694   0x00000010   Code   RO         1646    i.Motor3_Forward    motorcontrol.o
    0x080056a4   0x080056a4   0x00000044   Code   RO         1647    i.Motor3_GPIO_Init  motorcontrol.o
    0x080056e8   0x080056e8   0x00000010   Code   RO         1648    i.Motor3_Reverse    motorcontrol.o
    0x080056f8   0x080056f8   0x00000010   Code   RO         1649    i.Motor4_Forward    motorcontrol.o
    0x08005708   0x08005708   0x00000044   Code   RO         1650    i.Motor4_GPIO_Init  motorcontrol.o
    0x0800574c   0x0800574c   0x00000010   Code   RO         1651    i.Motor4_Reverse    motorcontrol.o
    0x0800575c   0x0800575c   0x00000002   Code   RO          429    i.NMI_Handler       stm32f4xx_it.o
    0x0800575e   0x0800575e   0x0000008a   Code   RO         1547    i.ParseDataFunction  dataprotocol.o
    0x080057e8   0x080057e8   0x0000001a   Code   RO         1548    i.ParseData_Init    dataprotocol.o
    0x08005802   0x08005802   0x00000002   PAD
    0x08005804   0x08005804   0x00000064   Code   RO         6678    i.Quaternion_Init   ICM42605.lib(icm42605.o)
    0x08005868   0x08005868   0x00000328   Code   RO         6679    i.Quaternion_Update  ICM42605.lib(icm42605.o)
    0x08005b90   0x08005b90   0x00000020   Code   RO         6700    i.RC_Init           RC.lib(rc.o)
    0x08005bb0   0x08005bb0   0x000000c4   Code   RO         6701    i.RC_Update         RC.lib(rc.o)
    0x08005c74   0x08005c74   0x000003dc   Code   RO         6702    i.RC_UpdateCH_int8_t  RC.lib(rc.o)
    0x08006050   0x08006050   0x000001d8   Code   RO         6703    i.RC_UpdateStruct   RC.lib(rc.o)
    0x08006228   0x08006228   0x00000014   Code   RO         1758    i.RS485_RD          rs485.o
    0x0800623c   0x0800623c   0x000000bc   Code   RO         1759    i.RS485_RD_GPIO_Init  rs485.o
    0x080062f8   0x080062f8   0x00000048   Code   RO          954    i.SPI1_CSX_GPIO_Init  spi.o
    0x08006340   0x08006340   0x0000000c   Code   RO          430    i.SPI1_IRQHandler   stm32f4xx_it.o
    0x0800634c   0x0800634c   0x00000010   Code   RO         4443    i.SPI_DMAAbortOnError  stm32f4xx_hal_spi.o
    0x0800635c   0x0800635c   0x00000022   Code   RO         4444    i.SPI_DMAError      stm32f4xx_hal_spi.o
    0x0800637e   0x0800637e   0x0000000a   Code   RO         4445    i.SPI_DMAHalfReceiveCplt  stm32f4xx_hal_spi.o
    0x08006388   0x08006388   0x0000000a   Code   RO         4447    i.SPI_DMAHalfTransmitReceiveCplt  stm32f4xx_hal_spi.o
    0x08006392   0x08006392   0x0000006a   Code   RO         4448    i.SPI_DMAReceiveCplt  stm32f4xx_hal_spi.o
    0x080063fc   0x080063fc   0x0000005a   Code   RO         4451    i.SPI_DMATransmitReceiveCplt  stm32f4xx_hal_spi.o
    0x08006456   0x08006456   0x0000005c   Code   RO         4453    i.SPI_EndRxTransaction  stm32f4xx_hal_spi.o
    0x080064b2   0x080064b2   0x00000002   PAD
    0x080064b4   0x080064b4   0x00000058   Code   RO         4454    i.SPI_EndRxTxTransaction  stm32f4xx_hal_spi.o
    0x0800650c   0x0800650c   0x00000094   Code   RO         4459    i.SPI_WaitFlagStateUntilTimeout  stm32f4xx_hal_spi.o
    0x080065a0   0x080065a0   0x0000008c   Code   RO          321    i.SerialInterfaceTask  freertos.o
    0x0800662c   0x0800662c   0x00000018   Code   RO         1437    i.Sgn               encoder.o
    0x08006644   0x08006644   0x0000002c   Code   RO         6589    i.SysTick_Handler   port.o
    0x08006670   0x08006670   0x00000084   Code   RO           14    i.SystemClock_Config  main.o
    0x080066f4   0x080066f4   0x0000001c   Code   RO         5315    i.SystemInit        system_stm32f4xx.o
    0x08006710   0x08006710   0x0000000c   Code   RO          431    i.TIM1_CC_IRQHandler  stm32f4xx_it.o
    0x0800671c   0x0800671c   0x0000000c   Code   RO          432    i.TIM1_UP_TIM10_IRQHandler  stm32f4xx_it.o
    0x08006728   0x08006728   0x0000000c   Code   RO          433    i.TIM2_IRQHandler   stm32f4xx_it.o
    0x08006734   0x08006734   0x0000000c   Code   RO          434    i.TIM3_IRQHandler   stm32f4xx_it.o
    0x08006740   0x08006740   0x0000000c   Code   RO          435    i.TIM4_IRQHandler   stm32f4xx_it.o
    0x0800674c   0x0800674c   0x0000000c   Code   RO          436    i.TIM5_IRQHandler   stm32f4xx_it.o
    0x08006758   0x08006758   0x0000000c   Code   RO          437    i.TIM7_IRQHandler   stm32f4xx_it.o
    0x08006764   0x08006764   0x000000c8   Code   RO         3058    i.TIM_Base_SetConfig  stm32f4xx_hal_tim.o
    0x0800682c   0x0800682c   0x0000001a   Code   RO         3059    i.TIM_CCxChannelCmd  stm32f4xx_hal_tim.o
    0x08006846   0x08006846   0x00000002   PAD
    0x08006848   0x08006848   0x00000060   Code   RO         3071    i.TIM_OC1_SetConfig  stm32f4xx_hal_tim.o
    0x080068a8   0x080068a8   0x0000006c   Code   RO         3072    i.TIM_OC2_SetConfig  stm32f4xx_hal_tim.o
    0x08006914   0x08006914   0x00000068   Code   RO         3073    i.TIM_OC3_SetConfig  stm32f4xx_hal_tim.o
    0x0800697c   0x0800697c   0x00000050   Code   RO         3074    i.TIM_OC4_SetConfig  stm32f4xx_hal_tim.o
    0x080069cc   0x080069cc   0x00000080   Code   RO         3077    i.TIM_TI1_SetConfig  stm32f4xx_hal_tim.o
    0x08006a4c   0x08006a4c   0x00000036   Code   RO         3079    i.TIM_TI2_SetConfig  stm32f4xx_hal_tim.o
    0x08006a82   0x08006a82   0x00000002   PAD
    0x08006a84   0x08006a84   0x00000020   Code   RO          438    i.UART4_IRQHandler  stm32f4xx_it.o
    0x08006aa4   0x08006aa4   0x00000010   Code   RO         5026    i.UART_DMAAbortOnError  stm32f4xx_hal_uart.o
    0x08006ab4   0x08006ab4   0x0000004a   Code   RO         5027    i.UART_DMAError     stm32f4xx_hal_uart.o
    0x08006afe   0x08006afe   0x0000003c   Code   RO         5028    i.UART_DMAReceiveCplt  stm32f4xx_hal_uart.o
    0x08006b3a   0x08006b3a   0x0000000a   Code   RO         5030    i.UART_DMARxHalfCplt  stm32f4xx_hal_uart.o
    0x08006b44   0x08006b44   0x0000002e   Code   RO         5032    i.UART_DMATransmitCplt  stm32f4xx_hal_uart.o
    0x08006b72   0x08006b72   0x0000000a   Code   RO         5034    i.UART_DMATxHalfCplt  stm32f4xx_hal_uart.o
    0x08006b7c   0x08006b7c   0x0000001c   Code   RO         5036    i.UART_EndRxTransfer  stm32f4xx_hal_uart.o
    0x08006b98   0x08006b98   0x00000012   Code   RO         5037    i.UART_EndTxTransfer  stm32f4xx_hal_uart.o
    0x08006baa   0x08006baa   0x00000096   Code   RO         5038    i.UART_Receive_IT   stm32f4xx_hal_uart.o
    0x08006c40   0x08006c40   0x00000128   Code   RO         5039    i.UART_SetConfig    stm32f4xx_hal_uart.o
    0x08006d68   0x08006d68   0x00000062   Code   RO         5040    i.UART_Transmit_IT  stm32f4xx_hal_uart.o
    0x08006dca   0x08006dca   0x00000002   PAD
    0x08006dcc   0x08006dcc   0x00000020   Code   RO          439    i.USART2_IRQHandler  stm32f4xx_it.o
    0x08006dec   0x08006dec   0x00000020   Code   RO          440    i.USART3_IRQHandler  stm32f4xx_it.o
    0x08006e0c   0x08006e0c   0x0000006c   Code   RO         1489    i.UpdateBatteryInfor  batteryinfor.o
    0x08006e78   0x08006e78   0x00000002   Code   RO          441    i.UsageFault_Handler  stm32f4xx_it.o
    0x08006e7a   0x08006e7a   0x00000002   PAD
    0x08006e7c   0x08006e7c   0x000000fc   Code   RO         1167    i.UsartReceive_IDLE  uart.o
    0x08006f78   0x08006f78   0x0000045c   Code   RO         1733    i.VelocityControl_4WD  velocitycontrol.o
    0x080073d4   0x080073d4   0x00000026   Code   RO         6948    i.__ARM_fpclassifyf  m_wm.l(fpclassifyf.o)
    0x080073fa   0x080073fa   0x00000020   Code   RO         2593    i.__NVIC_SetPriority  stm32f4xx_hal_cortex.o
    0x0800741a   0x0800741a   0x00000002   PAD
    0x0800741c   0x0800741c   0x0000012c   Code   RO         6859    i.__hardfp_asinf    m_wm.l(asinf.o)
    0x08007548   0x08007548   0x00000250   Code   RO         6871    i.__hardfp_atan2f   m_wm.l(atan2f.o)
    0x08007798   0x08007798   0x00000014   Code   RO         6883    i.__hardfp_fabs     m_wm.l(fabs.o)
    0x080077ac   0x080077ac   0x0000003a   Code   RO         6889    i.__hardfp_sqrtf    m_wm.l(sqrtf.o)
    0x080077e6   0x080077e6   0x00000006   Code   RO         6951    i.__mathlib_flt_infnan  m_wm.l(funder.o)
    0x080077ec   0x080077ec   0x00000006   Code   RO         6952    i.__mathlib_flt_infnan2  m_wm.l(funder.o)
    0x080077f2   0x080077f2   0x00000002   PAD
    0x080077f4   0x080077f4   0x00000010   Code   RO         6953    i.__mathlib_flt_invalid  m_wm.l(funder.o)
    0x08007804   0x08007804   0x00000010   Code   RO         6956    i.__mathlib_flt_underflow  m_wm.l(funder.o)
    0x08007814   0x08007814   0x0000000e   Code   RO         7011    i.__scatterload_copy  mc_w.l(handlers.o)
    0x08007822   0x08007822   0x00000002   Code   RO         7012    i.__scatterload_null  mc_w.l(handlers.o)
    0x08007824   0x08007824   0x0000000e   Code   RO         7013    i.__scatterload_zeroinit  mc_w.l(handlers.o)
    0x08007832   0x08007832   0x00000002   PAD
    0x08007834   0x08007834   0x0000000c   Code   RO         6989    i.__set_errno       mc_w.l(errno.o)
    0x08007840   0x08007840   0x0000003c   Code   RO           15    i.main              main.o
    0x0800787c   0x0800787c   0x0000000c   Code   RO         6157    i.makeFreeRtosPriority  cmsis_os.o
    0x08007888   0x08007888   0x0000000e   Code   RO         6159    i.osDelay           cmsis_os.o
    0x08007896   0x08007896   0x0000000a   Code   RO         6162    i.osKernelStart     cmsis_os.o
    0x080078a0   0x080078a0   0x00000054   Code   RO         6196    i.osThreadCreate    cmsis_os.o
    0x080078f4   0x080078f4   0x00000070   Code   RO         5848    i.prvAddCurrentTaskToDelayedList  tasks.o
    0x08007964   0x08007964   0x000000d0   Code   RO         5849    i.prvAddNewTaskToReadyList  tasks.o
    0x08007a34   0x08007a34   0x00000026   Code   RO         5524    i.prvCopyDataFromQueue  queue.o
    0x08007a5a   0x08007a5a   0x0000006c   Code   RO         5525    i.prvCopyDataToQueue  queue.o
    0x08007ac6   0x08007ac6   0x00000034   Code   RO         5850    i.prvDeleteTCB      tasks.o
    0x08007afa   0x08007afa   0x00000002   PAD
    0x08007afc   0x08007afc   0x0000004c   Code   RO         6527    i.prvHeapInit       heap_4.o
    0x08007b48   0x08007b48   0x0000005c   Code   RO         5851    i.prvIdleTask       tasks.o
    0x08007ba4   0x08007ba4   0x00000016   Code   RO         5527    i.prvInitialiseNewQueue  queue.o
    0x08007bba   0x08007bba   0x00000098   Code   RO         5852    i.prvInitialiseNewTask  tasks.o
    0x08007c52   0x08007c52   0x00000002   PAD
    0x08007c54   0x08007c54   0x0000004c   Code   RO         6528    i.prvInsertBlockIntoFreeList  heap_4.o
    0x08007ca0   0x08007ca0   0x0000001a   Code   RO         5528    i.prvIsQueueEmpty   queue.o
    0x08007cba   0x08007cba   0x00000002   PAD
    0x08007cbc   0x08007cbc   0x00000020   Code   RO         5853    i.prvResetNextTaskUnblockTime  tasks.o
    0x08007cdc   0x08007cdc   0x00000028   Code   RO         6590    i.prvTaskExitError  port.o
    0x08007d04   0x08007d04   0x0000006a   Code   RO         5529    i.prvUnlockQueue    queue.o
    0x08007d6e   0x08007d6e   0x00000002   PAD
    0x08007d70   0x08007d70   0x000000d8   Code   RO         6529    i.pvPortMalloc      heap_4.o
    0x08007e48   0x08007e48   0x0000002c   Code   RO         6591    i.pxPortInitialiseStack  port.o
    0x08007e74   0x08007e74   0x0000003e   Code   RO         6891    i.sqrtf             m_wm.l(sqrtf.o)
    0x08007eb2   0x08007eb2   0x00000026   Code   RO         5484    i.uxListRemove      list.o
    0x08007ed8   0x08007ed8   0x00000014   Code   RO          325    i.vApplicationGetIdleTaskMemory  freertos.o
    0x08007eec   0x08007eec   0x00000016   Code   RO         5485    i.vListInitialise   list.o
    0x08007f02   0x08007f02   0x00000006   Code   RO         5486    i.vListInitialiseItem  list.o
    0x08007f08   0x08007f08   0x00000030   Code   RO         5487    i.vListInsert       list.o
    0x08007f38   0x08007f38   0x00000018   Code   RO         5488    i.vListInsertEnd    list.o
    0x08007f50   0x08007f50   0x00000040   Code   RO         6593    i.vPortEnterCritical  port.o
    0x08007f90   0x08007f90   0x00000028   Code   RO         6594    i.vPortExitCritical  port.o
    0x08007fb8   0x08007fb8   0x0000005c   Code   RO         6530    i.vPortFree         heap_4.o
    0x08008014   0x08008014   0x00000024   Code   RO         6595    i.vPortSetupTimerInterrupt  port.o
    0x08008038   0x08008038   0x00000054   Code   RO         6596    i.vPortValidateInterruptPriority  port.o
    0x0800808c   0x0800808c   0x0000004c   Code   RO         5861    i.vTaskDelay        tasks.o
    0x080080d8   0x080080d8   0x00000010   Code   RO         5864    i.vTaskInternalSetTimeOutState  tasks.o
    0x080080e8   0x080080e8   0x0000000c   Code   RO         5865    i.vTaskMissedYield  tasks.o
    0x080080f4   0x080080f4   0x00000030   Code   RO         5867    i.vTaskPlaceOnEventList  tasks.o
    0x08008124   0x08008124   0x0000006c   Code   RO         5874    i.vTaskStartScheduler  tasks.o
    0x08008190   0x08008190   0x00000010   Code   RO         5876    i.vTaskSuspendAll   tasks.o
    0x080081a0   0x080081a0   0x0000005c   Code   RO         5877    i.vTaskSwitchContext  tasks.o
    0x080081fc   0x080081fc   0x000000f4   Code   RO         6597    i.xPortStartScheduler  port.o
    0x080082f0   0x080082f0   0x00000048   Code   RO         5538    i.xQueueGenericCreate  queue.o
    0x08008338   0x08008338   0x00000088   Code   RO         5540    i.xQueueGenericReset  queue.o
    0x080083c0   0x080083c0   0x000000bc   Code   RO         5542    i.xQueueGenericSendFromISR  queue.o
    0x0800847c   0x0800847c   0x00000138   Code   RO         5548    i.xQueueReceive     queue.o
    0x080085b4   0x080085b4   0x00000074   Code   RO         5878    i.xTaskCheckForTimeOut  tasks.o
    0x08008628   0x08008628   0x0000005a   Code   RO         5879    i.xTaskCreate       tasks.o
    0x08008682   0x08008682   0x0000005a   Code   RO         5880    i.xTaskCreateStatic  tasks.o
    0x080086dc   0x080086dc   0x0000001c   Code   RO         5884    i.xTaskGetSchedulerState  tasks.o
    0x080086f8   0x080086f8   0x000000c8   Code   RO         5887    i.xTaskIncrementTick  tasks.o
    0x080087c0   0x080087c0   0x00000098   Code   RO         5890    i.xTaskPriorityDisinherit  tasks.o
    0x08008858   0x08008858   0x00000074   Code   RO         5892    i.xTaskRemoveFromEventList  tasks.o
    0x080088cc   0x080088cc   0x000000c4   Code   RO         5893    i.xTaskResumeAll    tasks.o
    0x08008990   0x08008990   0x000000a8   Data   RO          327    .constdata          freertos.o
    0x08008a38   0x08008a38   0x00000008   Data   RO         2310    .constdata          stm32f4xx_hal_dma.o
    0x08008a40   0x08008a40   0x00000010   Data   RO         5316    .constdata          system_stm32f4xx.o
    0x08008a50   0x08008a50   0x00000008   Data   RO         5317    .constdata          system_stm32f4xx.o
    0x08008a58   0x08008a58   0x00000043   Data   RO          328    .conststring        freertos.o
    0x08008a9b   0x08008a9b   0x00000001   PAD
    0x08008a9c   0x08008a9c   0x00000020   Data   RO         7009    Region$$Table       anon$$obj.o


    Execution Region RW_IRAM1 (Exec base: 0x20000000, Load base: 0x08008abc, Size: 0x000052f0, Max: 0x00020000, ABSOLUTE)

    Exec Addr    Load Addr    Size         Type   Attr      Idx    E Section Name        Object

    0x20000000   0x08008abc   0x00000024   Data   RW          329    .data               freertos.o
    0x20000024   0x08008ae0   0x00000004   Data   RW          888    .data               shareware.o
    0x20000028   0x08008ae4   0x00000001   Data   RW          889    .data               shareware.o
    0x20000029   0x08008ae5   0x00000003   PAD
    0x2000002c   0x08008ae8   0x00000008   Data   RW          890    .data               shareware.o
    0x20000034   0x08008af0   0x00000008   Data   RW          891    .data               shareware.o
    0x2000003c   0x08008af8   0x00000008   Data   RW          892    .data               shareware.o
    0x20000044   0x08008b00   0x00000008   Data   RW          893    .data               shareware.o
    0x2000004c   0x08008b08   0x00000004   Data   RW          894    .data               shareware.o
    0x20000050   0x08008b0c   0x00000004   Data   RW          921    .data               adc1.o
    0x20000054   0x08008b10   0x00000008   Data   RW         1175    .data               uart.o
    0x2000005c   0x08008b18   0x00000008   Data   RW         1257    .data               can1.o
    0x20000064   0x08008b20   0x00000008   Data   RW         1439    .data               encoder.o
    0x2000006c   0x08008b28   0x00000010   Data   RW         1734    .data               velocitycontrol.o
    0x2000007c   0x08008b38   0x0000000c   Data   RW         2737    .data               stm32f4xx_hal.o
    0x20000088   0x08008b44   0x00000004   Data   RW         5318    .data               system_stm32f4xx.o
    0x2000008c   0x08008b48   0x0000003c   Data   RW         5896    .data               tasks.o
    0x200000c8   0x08008b84   0x00000018   Data   RW         6535    .data               heap_4.o
    0x200000e0   0x08008b9c   0x0000000c   Data   RW         6598    .data               port.o
    0x200000ec   0x08008ba8   0x00000038   Data   RW         6681    .data               ICM42605.lib(icm42605.o)
    0x20000124   0x08008be0   0x00000004   Data   RW         6990    .data               mc_w.l(errno.o)
    0x20000128        -       0x00000254   Zero   RW          326    .bss                freertos.o
    0x2000037c        -       0x00000040   Zero   RW          713    .bss                stm32f4xx_hal_timebase_tim.o
    0x200003bc        -       0x0000000c   Zero   RW          857    .bss                shareware.o
    0x200003c8        -       0x00000014   Zero   RW          858    .bss                shareware.o
    0x200003dc        -       0x00000014   Zero   RW          859    .bss                shareware.o
    0x200003f0        -       0x00000014   Zero   RW          860    .bss                shareware.o
    0x20000404        -       0x00000014   Zero   RW          861    .bss                shareware.o
    0x20000418        -       0x0000003c   Zero   RW          862    .bss                shareware.o
    0x20000454        -       0x00000018   Zero   RW          863    .bss                shareware.o
    0x2000046c        -       0x00000018   Zero   RW          864    .bss                shareware.o
    0x20000484        -       0x00000018   Zero   RW          865    .bss                shareware.o
    0x2000049c        -       0x00000018   Zero   RW          866    .bss                shareware.o
    0x200004b4        -       0x00000020   Zero   RW          867    .bss                shareware.o
    0x200004d4        -       0x0000001c   Zero   RW          868    .bss                shareware.o
    0x200004f0        -       0x0000001c   Zero   RW          869    .bss                shareware.o
    0x2000050c        -       0x00000054   Zero   RW          870    .bss                shareware.o
    0x20000560        -       0x0000000c   Zero   RW          871    .bss                shareware.o
    0x2000056c        -       0x0000000c   Zero   RW          872    .bss                shareware.o
    0x20000578        -       0x0000000c   Zero   RW          873    .bss                shareware.o
    0x20000584        -       0x0000000c   Zero   RW          874    .bss                shareware.o
    0x20000590        -       0x00000010   Zero   RW          875    .bss                shareware.o
    0x200005a0        -       0x0000000c   Zero   RW          876    .bss                shareware.o
    0x200005ac        -       0x0000000c   Zero   RW          879    .bss                shareware.o
    0x200005b8        -       0x0000000c   Zero   RW          880    .bss                shareware.o
    0x200005c4        -       0x0000000c   Zero   RW          881    .bss                shareware.o
    0x200005d0        -       0x0000000c   Zero   RW          882    .bss                shareware.o
    0x200005dc        -       0x00000048   Zero   RW          919    .bss                adc1.o
    0x20000624        -       0x00000060   Zero   RW          920    .bss                adc1.o
    0x20000684        -       0x00000058   Zero   RW          955    .bss                spi.o
    0x200006dc        -       0x00000060   Zero   RW          956    .bss                spi.o
    0x2000073c        -       0x00000060   Zero   RW          957    .bss                spi.o
    0x2000079c        -       0x00000040   Zero   RW         1009    .bss                tim2.o
    0x200007dc        -       0x00000040   Zero   RW         1042    .bss                tim3.o
    0x2000081c        -       0x00000040   Zero   RW         1072    .bss                tim4.o
    0x2000085c        -       0x00000040   Zero   RW         1102    .bss                tim5.o
    0x2000089c        -       0x00000040   Zero   RW         1132    .bss                tim8.o
    0x200008dc        -       0x00000302   Zero   RW         1169    .bss                uart.o
    0x20000bde   0x08008be4   0x00000002   PAD
    0x20000be0        -       0x00000060   Zero   RW         1170    .bss                uart.o
    0x20000c40        -       0x00000060   Zero   RW         1171    .bss                uart.o
    0x20000ca0        -       0x00000060   Zero   RW         1173    .bss                uart.o
    0x20000d00        -       0x0000005c   Zero   RW         1254    .bss                can1.o
    0x20000d5c        -       0x00000050   Zero   RW         1320    .bss                tim1.o
    0x20000dac        -       0x000000f0   Zero   RW         5895    .bss                tasks.o
    0x20000e9c        -       0x00003c00   Zero   RW         6534    .bss                heap_4.o
    0x20004a9c        -       0x00000054   Zero   RW         6680    .bss                ICM42605.lib(icm42605.o)
    0x20004af0        -       0x00000800   Zero   RW            1    STACK               startup_stm32f405xx.o


==============================================================================

Image component sizes


      Code (inc. data)   RO Data    RW Data    ZI Data      Debug   Object Name

       112         18          0          4        168       1203   adc1.o
       672        158          0          0          0       2802   batteryinfor.o
       234         34          0          8         92       4769   can1.o
       120          0          0          0          0      25945   cmsis_os.o
         0          0          0          0          0       7516   croutine.o
      1076         38          0          0          0       2614   datacom.o
       164          0          0          0          0       1781   dataprotocol.o
       342         40          0          8          0       3971   encoder.o
         0          0          0          0          0      21512   event_groups.o
      2636        268        235         36        596       7612   freertos.o
       460         24          0         24      15360       7667   heap_4.o
       452         36          0          0          0       3494   indicatordevice.o
       204         28          0          0          0       1761   kinematics_4wd.o
       138          0          0          0          0       3774   list.o
        66          6          0          0          0       1854   lowpassfilter.o
       192         18          0          0          0     709731   main.o
       396         86          0          0          0       7340   motorcontrol.o
       126          6          0          0          0       2188   pid.o
       786         80          0         12          0      12385   port.o
      1008          8          0          0          0      14110   queue.o
       208         26          0          0          0       2196   rs485.o
         0          0          0         41        544       3127   shareware.o
       164         32          0          0        280       2932   spi.o
        36          8        392          0       2048        868   startup_stm32f405xx.o
       128         24          0         12          0       9549   stm32f4xx_hal.o
      1168         66          0          0          0       7861   stm32f4xx_hal_adc.o
      1464          6          0          0          0      12384   stm32f4xx_hal_can.o
       158         14          0          0          0      33310   stm32f4xx_hal_cortex.o
      1080         16          8          0          0       7714   stm32f4xx_hal_dma.o
       460         46          0          0          0       3289   stm32f4xx_hal_gpio.o
      1992        178          0          0          0       7680   stm32f4xx_hal_msp.o
      1372         82          0          0          0       6293   stm32f4xx_hal_rcc.o
      1752         36          0          0          0      14587   stm32f4xx_hal_spi.o
      2248        118          0          0          0      20804   stm32f4xx_hal_tim.o
       232         28          0          0          0       3553   stm32f4xx_hal_tim_ex.o
       116         16          0          0         64     665151   stm32f4xx_hal_timebase_tim.o
      1562         40          0          0          0      14436   stm32f4xx_hal_uart.o
       324        120          0          0          0      13679   stm32f4xx_it.o
         0          0          0          0          0        392   stream_buffer.o
        28          6         24          4          0       1239   system_stm32f4xx.o
      2004        146          0         60        240      26074   tasks.o
       568         32          0          0         80       3089   tim1.o
        84          4          0          0         64        835   tim2.o
        88         10          0          0         64        831   tim3.o
        88         10          0          0         64        831   tim4.o
        88         10          0          0         64        831   tim5.o
       172          8          0          0         64        931   tim8.o
         0          0          0          0          0       2528   timers.o
       594         90          0          8       1058       5564   uart.o
      1116        100          0         16          0       1702   velocitycontrol.o

    ----------------------------------------------------------------------
     28536       2120        692        236      20852    1718289   Object Totals
         0          0         32          0          0          0   (incl. Generated)
        58          0          1          3          2          0   (incl. Padding)

    ----------------------------------------------------------------------

      Code (inc. data)   RO Data    RW Data    ZI Data      Debug   Library Member Name

      2652        194          0         56         84       1340   icm42605.o
      1688         28          0          0          0       7353   rc.o
       300         42          0          0          0        176   asinf.o
       592         90          0          0          0        184   atan2f.o
        20          0          0          0          0        124   fabs.o
        38          0          0          0          0        116   fpclassifyf.o
        44         12          0          0          0        464   funder.o
       120          0          0          0          0        272   sqrtf.o
         0          0          0          0          0          0   entry.o
         0          0          0          0          0          0   entry10a.o
         0          0          0          0          0          0   entry11a.o
         8          4          0          0          0          0   entry2.o
         4          0          0          0          0          0   entry5.o
         0          0          0          0          0          0   entry7b.o
         0          0          0          0          0          0   entry8b.o
         8          4          0          0          0          0   entry9a.o
        12          6          0          4          0         68   errno.o
        30          0          0          0          0          0   handlers.o
        36          8          0          0          0         68   init.o
         0          0          0          0          0          0   iusefp.o
        30          0          0          0          0         68   llshl.o
        32          0          0          0          0         68   llushr.o
        36          0          0          0          0         68   memcpya.o
        36          0          0          0          0        108   memseta.o
        98          0          0          0          0         92   uldiv.o
        48          0          0          0          0         68   cdrcmple.o
       186          0          0          0          0        176   depilogue.o
       228          0          0          0          0         96   dmul.o
        38          0          0          0          0         68   f2d.o

    ----------------------------------------------------------------------
      6288        388          0         60         84      10977   Library Totals
         4          0          0          0          0          0   (incl. Padding)

    ----------------------------------------------------------------------

      Code (inc. data)   RO Data    RW Data    ZI Data      Debug   Library Name

      2652        194          0         56         84       1340   ICM42605.lib
      1688         28          0          0          0       7353   RC.lib
      1114        144          0          0          0       1336   m_wm.l
       330         22          0          4          0        540   mc_w.l
       500          0          0          0          0        408   mf_w.l

    ----------------------------------------------------------------------
      6288        388          0         60         84      10977   Library Totals

    ----------------------------------------------------------------------

==============================================================================


      Code (inc. data)   RO Data    RW Data    ZI Data      Debug   

     34824       2508        692        296      20936    1700806   Grand Totals
     34824       2508        692        296      20936    1700806   ELF Image Totals
     34824       2508        692        296          0          0   ROM Totals

==============================================================================

    Total RO  Size (Code + RO Data)                35516 (  34.68kB)
    Total RW  Size (RW Data + ZI Data)             21232 (  20.73kB)
    Total ROM Size (Code + RO Data + RW Data)      35812 (  34.97kB)

==============================================================================

